Archive member included to satisfy reference by file (symbol)

D:\workspace_1.10.1\Controller_M\Drivers\CMSIS\Lib\GCC\libarm_cortexM4lf_math.a(arm_rfft_fast_init_f32.o)
                              ./Core/Src/main.o (arm_rfft_fast_init_f32)
D:\workspace_1.10.1\Controller_M\Drivers\CMSIS\Lib\GCC\libarm_cortexM4lf_math.a(arm_rfft_fast_f32.o)
                              ./Core/Src/vibration_analysis.o (arm_rfft_fast_f32)
D:\workspace_1.10.1\Controller_M\Drivers\CMSIS\Lib\GCC\libarm_cortexM4lf_math.a(arm_cfft_f32.o)
                              D:\workspace_1.10.1\Controller_M\Drivers\CMSIS\Lib\GCC\libarm_cortexM4lf_math.a(arm_rfft_fast_f32.o) (arm_cfft_f32)
D:\workspace_1.10.1\Controller_M\Drivers\CMSIS\Lib\GCC\libarm_cortexM4lf_math.a(arm_biquad_cascade_df2t_f32.o)
                              ./Core/Src/main.o (arm_biquad_cascade_df2T_f32)
D:\workspace_1.10.1\Controller_M\Drivers\CMSIS\Lib\GCC\libarm_cortexM4lf_math.a(arm_biquad_cascade_df2t_init_f32.o)
                              ./Core/Src/main.o (arm_biquad_cascade_df2T_init_f32)
D:\workspace_1.10.1\Controller_M\Drivers\CMSIS\Lib\GCC\libarm_cortexM4lf_math.a(arm_cmplx_mag_f32.o)
                              ./Core/Src/vibration_analysis.o (arm_cmplx_mag_f32)
D:\workspace_1.10.1\Controller_M\Drivers\CMSIS\Lib\GCC\libarm_cortexM4lf_math.a(arm_cos_f32.o)
                              ./Core/Src/vibration_analysis.o (arm_cos_f32)
D:\workspace_1.10.1\Controller_M\Drivers\CMSIS\Lib\GCC\libarm_cortexM4lf_math.a(arm_common_tables.o)
                              D:\workspace_1.10.1\Controller_M\Drivers\CMSIS\Lib\GCC\libarm_cortexM4lf_math.a(arm_cos_f32.o) (sinTable_f32)
D:\workspace_1.10.1\Controller_M\Drivers\CMSIS\Lib\GCC\libarm_cortexM4lf_math.a(arm_bitreversal2.o)
                              D:\workspace_1.10.1\Controller_M\Drivers\CMSIS\Lib\GCC\libarm_cortexM4lf_math.a(arm_cfft_f32.o) (arm_bitreversal_32)
D:\workspace_1.10.1\Controller_M\Drivers\CMSIS\Lib\GCC\libarm_cortexM4lf_math.a(arm_cfft_radix8_f32.o)
                              D:\workspace_1.10.1\Controller_M\Drivers\CMSIS\Lib\GCC\libarm_cortexM4lf_math.a(arm_cfft_f32.o) (arm_radix8_butterfly_f32)
d:/st/stm32cubeide_1.10.1/stm32cubeide/plugins/com.st.stm32cube.ide.mcu.externaltools.gnu-tools-for-stm32.10.3-2021.10.win32_1.0.0.202111181127/tools/bin/../lib/gcc/arm-none-eabi/10.3.1/../../../../arm-none-eabi/lib/thumb/v7e-m+fp/hard\libc_nano.a(lib_a-errno.o)
                              ./Core/Src/syscalls.o (__errno)
d:/st/stm32cubeide_1.10.1/stm32cubeide/plugins/com.st.stm32cube.ide.mcu.externaltools.gnu-tools-for-stm32.10.3-2021.10.win32_1.0.0.202111181127/tools/bin/../lib/gcc/arm-none-eabi/10.3.1/../../../../arm-none-eabi/lib/thumb/v7e-m+fp/hard\libc_nano.a(lib_a-exit.o)
                              d:/st/stm32cubeide_1.10.1/stm32cubeide/plugins/com.st.stm32cube.ide.mcu.externaltools.gnu-tools-for-stm32.10.3-2021.10.win32_1.0.0.202111181127/tools/bin/../lib/gcc/arm-none-eabi/10.3.1/../../../../arm-none-eabi/lib/thumb/v7e-m+fp/hard/crt0.o (exit)
d:/st/stm32cubeide_1.10.1/stm32cubeide/plugins/com.st.stm32cube.ide.mcu.externaltools.gnu-tools-for-stm32.10.3-2021.10.win32_1.0.0.202111181127/tools/bin/../lib/gcc/arm-none-eabi/10.3.1/../../../../arm-none-eabi/lib/thumb/v7e-m+fp/hard\libc_nano.a(lib_a-impure.o)
                              d:/st/stm32cubeide_1.10.1/stm32cubeide/plugins/com.st.stm32cube.ide.mcu.externaltools.gnu-tools-for-stm32.10.3-2021.10.win32_1.0.0.202111181127/tools/bin/../lib/gcc/arm-none-eabi/10.3.1/../../../../arm-none-eabi/lib/thumb/v7e-m+fp/hard\libc_nano.a(lib_a-exit.o) (_global_impure_ptr)
d:/st/stm32cubeide_1.10.1/stm32cubeide/plugins/com.st.stm32cube.ide.mcu.externaltools.gnu-tools-for-stm32.10.3-2021.10.win32_1.0.0.202111181127/tools/bin/../lib/gcc/arm-none-eabi/10.3.1/../../../../arm-none-eabi/lib/thumb/v7e-m+fp/hard\libc_nano.a(lib_a-init.o)
                              d:/st/stm32cubeide_1.10.1/stm32cubeide/plugins/com.st.stm32cube.ide.mcu.externaltools.gnu-tools-for-stm32.10.3-2021.10.win32_1.0.0.202111181127/tools/bin/../lib/gcc/arm-none-eabi/10.3.1/../../../../arm-none-eabi/lib/thumb/v7e-m+fp/hard/crt0.o (__libc_init_array)
d:/st/stm32cubeide_1.10.1/stm32cubeide/plugins/com.st.stm32cube.ide.mcu.externaltools.gnu-tools-for-stm32.10.3-2021.10.win32_1.0.0.202111181127/tools/bin/../lib/gcc/arm-none-eabi/10.3.1/../../../../arm-none-eabi/lib/thumb/v7e-m+fp/hard\libc_nano.a(lib_a-memcmp.o)
                              ./Core/Src/remote_control_mavlink.o (memcmp)
d:/st/stm32cubeide_1.10.1/stm32cubeide/plugins/com.st.stm32cube.ide.mcu.externaltools.gnu-tools-for-stm32.10.3-2021.10.win32_1.0.0.202111181127/tools/bin/../lib/gcc/arm-none-eabi/10.3.1/../../../../arm-none-eabi/lib/thumb/v7e-m+fp/hard\libc_nano.a(lib_a-memcpy-stub.o)
                              ./Core/Src/median_moving_average_filter.o (memcpy)
[...]
Memory Configuration

Name             Origin             Length             Attributes
RAM              0x0000000020000000 0x0000000000020000 xrw
FLASH            0x0000000008000000 0x0000000000080000 xr
*default*        0x0000000000000000 0xffffffffffffffff

Linker script and memory map

LOAD d:/st/stm32cubeide_1.10.1/stm32cubeide/plugins/com.st.stm32cube.ide.mcu.externaltools.gnu-tools-for-stm32.10.3-2021.10.win32_1.0.0.202111181127/tools/bin/../lib/gcc/arm-none-eabi/10.3.1/thumb/v7e-m+fp/hard/crti.o
LOAD d:/st/stm32cubeide_1.10.1/stm32cubeide/plugins/com.st.stm32cube.ide.mcu.externaltools.gnu-tools-for-stm32.10.3-2021.10.win32_1.0.0.202111181127/tools/bin/../lib/gcc/arm-none-eabi/10.3.1/thumb/v7e-m+fp/hard/crtbegin.o
LOAD d:/st/stm32cubeide_1.10.1/stm32cubeide/plugins/com.st.stm32cube.ide.mcu.externaltools.gnu-tools-for-stm32.10.3-2021.10.win32_1.0.0.202111181127/tools/bin/../lib/gcc/arm-none-eabi/10.3.1/../../../../arm-none-eabi/lib/thumb/v7e-m+fp/hard/crt0.o
LOAD ./Core/Src/AHRSAlgorithms.o
LOAD ./Core/Src/bmx055.o
LOAD ./Core/Src/calculate_notch_coeffs.o
LOAD ./Core/Src/dma.o
LOAD ./Core/Src/globals.o
LOAD ./Core/Src/gpio.o
LOAD ./Core/Src/i2c.o
LOAD ./Core/Src/main.o
LOAD ./Core/Src/median_moving_average_filter.o
LOAD ./Core/Src/mtf02.o
LOAD ./Core/Src/optical_flow_compensation.o
LOAD ./Core/Src/pid.o
LOAD ./Core/Src/remote_control.o
LOAD ./Core/Src/remote_control_mavlink.o
LOAD ./Core/Src/stm32f4xx_hal_msp.o
LOAD ./Core/Src/stm32f4xx_it.o
LOAD ./Core/Src/syscalls.o
LOAD ./Core/Src/sysmem.o
LOAD ./Core/Src/system_stm32f4xx.o
LOAD ./Core/Src/tim.o
LOAD ./Core/Src/usart.o
LOAD ./Core/Src/vibration_analysis.o
LOAD ./Core/Startup/startup_stm32f411retx.o
LOAD ./Drivers/STM32F4xx_HAL_Driver/Src/stm32f4xx_hal.o
LOAD ./Drivers/STM32F4xx_HAL_Driver/Src/stm32f4xx_hal_cortex.o
LOAD ./Drivers/STM32F4xx_HAL_Driver/Src/stm32f4xx_hal_dma.o
LOAD ./Drivers/STM32F4xx_HAL_Driver/Src/stm32f4xx_hal_dma_ex.o
LOAD ./Drivers/STM32F4xx_HAL_Driver/Src/stm32f4xx_hal_exti.o
LOAD ./Drivers/STM32F4xx_HAL_Driver/Src/stm32f4xx_hal_flash.o
LOAD ./Drivers/STM32F4xx_HAL_Driver/Src/stm32f4xx_hal_flash_ex.o
LOAD ./Drivers/STM32F4xx_HAL_Driver/Src/stm32f4xx_hal_flash_ramfunc.o
LOAD ./Drivers/STM32F4xx_HAL_Driver/Src/stm32f4xx_hal_gpio.o
LOAD ./Drivers/STM32F4xx_HAL_Driver/Src/stm32f4xx_hal_i2c.o
LOAD ./Drivers/STM32F4xx_HAL_Driver/Src/stm32f4xx_hal_i2c_ex.o
LOAD ./Drivers/STM32F4xx_HAL_Driver/Src/stm32f4xx_hal_pwr.o
LOAD ./Drivers/STM32F4xx_HAL_Driver/Src/stm32f4xx_hal_pwr_ex.o
LOAD ./Drivers/STM32F4xx_HAL_Driver/Src/stm32f4xx_hal_rcc.o
LOAD ./Drivers/STM32F4xx_HAL_Driver/Src/stm32f4xx_hal_rcc_ex.o
LOAD ./Drivers/STM32F4xx_HAL_Driver/Src/stm32f4xx_hal_tim.o
LOAD ./Drivers/STM32F4xx_HAL_Driver/Src/stm32f4xx_hal_tim_ex.o
LOAD ./Drivers/STM32F4xx_HAL_Driver/Src/stm32f4xx_hal_uart.o
LOAD D:\workspace_1.10.1\Controller_M\Drivers\CMSIS\Lib\GCC\libarm_cortexM4lf_math.a
START GROUP
LOAD d:/st/stm32cubeide_1.10.1/stm32cubeide/plugins/com.st.stm32cube.ide.mcu.externaltools.gnu-tools-for-stm32.10.3-2021.10.win32_1.0.0.202111181127/tools/bin/../lib/gcc/arm-none-eabi/10.3.1/../../../../arm-none-eabi/lib/thumb/v7e-m+fp/hard\libc_nano.a
LOAD d:/st/stm32cubeide_1.10.1/stm32cubeide/plugins/com.st.stm32cube.ide.mcu.externaltools.gnu-tools-for-stm32.10.3-2021.10.win32_1.0.0.202111181127/tools/bin/../lib/gcc/arm-none-eabi/10.3.1/../../../../arm-none-eabi/lib/thumb/v7e-m+fp/hard\libm.a
END GROUP
START GROUP
LOAD d:/st/stm32cubeide_1.10.1/stm32cubeide/plugins/com.st.stm32cube.ide.mcu.externaltools.gnu-tools-for-stm32.10.3-2021.10.win32_1.0.0.202111181127/tools/bin/../lib/gcc/arm-none-eabi/10.3.1/thumb/v7e-m+fp/hard\libgcc.a
LOAD d:/st/stm32cubeide_1.10.1/stm32cubeide/plugins/com.st.stm32cube.ide.mcu.externaltools.gnu-tools-for-stm32.10.3-2021.10.win32_1.0.0.202111181127/tools/bin/../lib/gcc/arm-none-eabi/10.3.1/../../../../arm-none-eabi/lib/thumb/v7e-m+fp/hard\libc_nano.a
END GROUP
START GROUP
LOAD d:/st/stm32cubeide_1.10.1/stm32cubeide/plugins/com.st.stm32cube.ide.mcu.externaltools.gnu-tools-for-stm32.10.3-2021.10.win32_1.0.0.202111181127/tools/bin/../lib/gcc/arm-none-eabi/10.3.1/thumb/v7e-m+fp/hard\libgcc.a
LOAD d:/st/stm32cubeide_1.10.1/stm32cubeide/plugins/com.st.stm32cube.ide.mcu.externaltools.gnu-tools-for-stm32.10.3-2021.10.win32_1.0.0.202111181127/tools/bin/../lib/gcc/arm-none-eabi/10.3.1/../../../../arm-none-eabi/lib/thumb/v7e-m+fp/hard\libc_nano.a
LOAD d:/st/stm32cubeide_1.10.1/stm32cubeide/plugins/com.st.stm32cube.ide.mcu.externaltools.gnu-tools-for-stm32.10.3-2021.10.win32_1.0.0.202111181127/tools/bin/../lib/gcc/arm-none-eabi/10.3.1/../../../../arm-none-eabi/lib/thumb/v7e-m+fp/hard\libnosys.a
END GROUP
START GROUP
LOAD d:/st/stm32cubeide_1.10.1/stm32cubeide/plugins/com.st.stm32cube.ide.mcu.externaltools.gnu-tools-for-stm32.10.3-2021.10.win32_1.0.0.202111181127/tools/bin/../lib/gcc/arm-none-eabi/10.3.1/thumb/v7e-m+fp/hard\libgcc.a
LOAD d:/st/stm32cubeide_1.10.1/stm32cubeide/plugins/com.st.stm32cube.ide.mcu.externaltools.gnu-tools-for-stm32.10.3-2021.10.win32_1.0.0.202111181127/tools/bin/../lib/gcc/arm-none-eabi/10.3.1/../../../../arm-none-eabi/lib/thumb/v7e-m+fp/hard\libc_nano.a
LOAD d:/st/stm32cubeide_1.10.1/stm32cubeide/plugins/com.st.stm32cube.ide.mcu.externaltools.gnu-tools-for-stm32.10.3-2021.10.win32_1.0.0.202111181127/tools/bin/../lib/gcc/arm-none-eabi/10.3.1/../../../../arm-none-eabi/lib/thumb/v7e-m+fp/hard\libnosys.a
END GROUP
LOAD d:/st/stm32cubeide_1.10.1/stm32cubeide/plugins/com.st.stm32cube.ide.mcu.externaltools.gnu-tools-for-stm32.10.3-2021.10.win32_1.0.0.202111181127/tools/bin/../lib/gcc/arm-none-eabi/10.3.1/thumb/v7e-m+fp/hard/crtend.o
LOAD d:/st/stm32cubeide_1.10.1/stm32cubeide/plugins/com.st.stm32cube.ide.mcu.externaltools.gnu-tools-for-stm32.10.3-2021.10.win32_1.0.0.202111181127/tools/bin/../lib/gcc/arm-none-eabi/10.3.1/thumb/v7e-m+fp/hard/crtn.o
                0x0000000020020000                _estack = (ORIGIN (RAM) + LENGTH (RAM))
                0x0000000000000200                _Min_Heap_Size = 0x200
                0x0000000000000400                _Min_Stack_Size = 0x400

.isr_vector     0x0000000008000000      0x198
                0x0000000008000000                . = ALIGN (0x4)
 *(.isr_vector)
 .isr_vector    0x0000000008000000      0x198 ./Core/Startup/startup_stm32f411retx.o
                0x0000000008000000                g_pfnVectors
                0x0000000008000198                . = ALIGN (0x4)

.text           0x00000000080001a0    0x15900
                0x00000000080001a0                . = ALIGN (0x4)
 *(.text)
 .text          0x00000000080001a0       0x40 d:/st/stm32cubeide_1.10.1/stm32cubeide/plugins/com.st.stm32cube.ide.mcu.externaltools.gnu-tools-for-stm32.10.3-2021.10.win32_1.0.0.202111181127/tools/bin/../lib/gcc/arm-none-eabi/10.3.1/thumb/v7e-m+fp/hard/crtbegin.o
 .text          0x00000000080001e0       0xc0 D:\workspace_1.10.1\Controller_M\Drivers\CMSIS\Lib\GCC\libarm_cortexM4lf_math.a(arm_bitreversal2.o)
                0x00000000080001e0                arm_bitreversal_32
                0x000000000800024a                arm_bitreversal_16
 .text          0x00000000080002a0       0x10 d:/st/stm32cubeide_1.10.1/stm32cubeide/plugins/com.st.stm32cube.ide.mcu.externaltools.gnu-tools-for-stm32.10.3-2021.10.win32_1.0.0.202111181127/tools/bin/../lib/gcc/arm-none-eabi/10.3.1/../../../../arm-none-eabi/lib/thumb/v7e-m+fp/hard\libc_nano.a(lib_a-strlen.o)
                0x00000000080002a0                strlen
 .text          0x00000000080002b0       0xa0 d:/st/stm32cubeide_1.10.1/stm32cubeide/plugins/com.st.stm32cube.ide.mcu.externaltools.gnu-tools-for-stm32.10.3-2021.10.win32_1.0.0.202111181127/tools/bin/../lib/gcc/arm-none-eabi/10.3.1/../../../../arm-none-eabi/lib/thumb/v7e-m+fp/hard\libc_nano.a(lib_a-memchr.o)
                0x00000000080002b0                memchr
 .text          0x0000000008000350      0x378 d:/st/stm32cubeide_1.10.1/stm32cubeide/plugins/com.st.stm32cube.ide.mcu.externaltools.gnu-tools-for-stm32.10.3-2021.10.win32_1.0.0.202111181127/tools/bin/../lib/gcc/arm-none-eabi/10.3.1/thumb/v7e-m+fp/hard\libgcc.a(_arm_addsubdf3.o)
                0x0000000008000350                __aeabi_drsub
                0x0000000008000358                __aeabi_dsub
                0x0000000008000358                __subdf3
                0x000000000800035c                __aeabi_dadd
                0x000000000800035c                __adddf3
                0x00000000080005d4                __floatunsidf
                0x00000000080005d4                __aeabi_ui2d
                0x00000000080005f4                __floatsidf
                0x00000000080005f4                __aeabi_i2d
                0x0000000008000618                __aeabi_f2d
                0x0000000008000618                __extendsfdf2
                0x000000000800065c                __floatundidf
                0x000000000800065c                __aeabi_ul2d
                0x000000000800066c                __floatdidf
                0x000000000800066c                __aeabi_l2d
 .text          0x00000000080006c8      0x424 d:/st/stm32cubeide_1.10.1/stm32cubeide/plugins/com.st.stm32cube.ide.mcu.externaltools.gnu-tools-for-stm32.10.3-2021.10.win32_1.0.0.202111181127/tools/bin/../lib/gcc/arm-none-eabi/10.3.1/thumb/v7e-m+fp/hard\libgcc.a(_arm_muldivdf3.o)
                0x00000000080006c8                __aeabi_dmul
                0x00000000080006c8                __muldf3
                0x000000000800091c                __divdf3
                0x000000000800091c                __aeabi_ddiv
 .text          0x0000000008000aec      0x110 d:/st/stm32cubeide_1.10.1/stm32cubeide/plugins/com.st.stm32cube.ide.mcu.externaltools.gnu-tools-for-stm32.10.3-2021.10.win32_1.0.0.202111181127/tools/bin/../lib/gcc/arm-none-eabi/10.3.1/thumb/v7e-m+fp/hard\libgcc.a(_arm_cmpdf2.o)
                0x0000000008000aec                __gtdf2
                0x0000000008000aec                __gedf2
                0x0000000008000af4                __ltdf2
                0x0000000008000af4                __ledf2
                0x0000000008000afc                __nedf2
                0x0000000008000afc                __eqdf2
                0x0000000008000afc                __cmpdf2
                0x0000000008000b78                __aeabi_cdrcmple
                0x0000000008000b88                __aeabi_cdcmpeq
                0x0000000008000b88                __aeabi_cdcmple
                0x0000000008000b98                __aeabi_dcmpeq
                0x0000000008000bac                __aeabi_dcmplt
                0x0000000008000bc0                __aeabi_dcmple
                0x0000000008000bd4                __aeabi_dcmpge
                0x0000000008000be8                __aeabi_dcmpgt
 .text          0x0000000008000bfc       0x2c d:/st/stm32cubeide_1.10.1/stm32cubeide/plugins/com.st.stm32cube.ide.mcu.externaltools.gnu-tools-for-stm32.10.3-2021.10.win32_1.0.0.202111181127/tools/bin/../lib/gcc/arm-none-eabi/10.3.1/thumb/v7e-m+fp/hard\libgcc.a(_arm_unorddf2.o)
                0x0000000008000bfc                __unorddf2
                0x0000000008000bfc                __aeabi_dcmpun
 .text          0x0000000008000c28       0x50 d:/st/stm32cubeide_1.10.1/stm32cubeide/plugins/com.st.stm32cube.ide.mcu.externaltools.gnu-tools-for-stm32.10.3-2021.10.win32_1.0.0.202111181127/tools/bin/../lib/gcc/arm-none-eabi/10.3.1/thumb/v7e-m+fp/hard\libgcc.a(_arm_fixdfsi.o)
                0x0000000008000c28                __aeabi_d2iz
                0x0000000008000c28                __fixdfsi
 .text          0x0000000008000c78       0x40 d:/st/stm32cubeide_1.10.1/stm32cubeide/plugins/com.st.stm32cube.ide.mcu.externaltools.gnu-tools-for-stm32.10.3-2021.10.win32_1.0.0.202111181127/tools/bin/../lib/gcc/arm-none-eabi/10.3.1/thumb/v7e-m+fp/hard\libgcc.a(_arm_fixunsdfsi.o)
                0x0000000008000c78                __aeabi_d2uiz
                0x0000000008000c78                __fixunsdfsi
 .text          0x0000000008000cb8       0xa0 d:/st/stm32cubeide_1.10.1/stm32cubeide/plugins/com.st.stm32cube.ide.mcu.externaltools.gnu-tools-for-stm32.10.3-2021.10.win32_1.0.0.202111181127/tools/bin/../lib/gcc/arm-none-eabi/10.3.1/thumb/v7e-m+fp/hard\libgcc.a(_arm_truncdfsf2.o)
                0x0000000008000cb8                __truncdfsf2
                0x0000000008000cb8                __aeabi_d2f
 .text          0x0000000008000d58       0x30 d:/st/stm32cubeide_1.10.1/stm32cubeide/plugins/com.st.stm32cube.ide.mcu.externaltools.gnu-tools-for-stm32.10.3-2021.10.win32_1.0.0.202111181127/tools/bin/../lib/gcc/arm-none-eabi/10.3.1/thumb/v7e-m+fp/hard\libgcc.a(_aeabi_uldivmod.o)
                0x0000000008000d58                __aeabi_uldivmod
 .text          0x0000000008000d88      0x2d0 d:/st/stm32cubeide_1.10.1/stm32cubeide/plugins/com.st.stm32cube.ide.mcu.externaltools.gnu-tools-for-stm32.10.3-2021.10.win32_1.0.0.202111181127/tools/bin/../lib/gcc/arm-none-eabi/10.3.1/thumb/v7e-m+fp/hard\libgcc.a(_udivmoddi4.o)
                0x0000000008000d88                __udivmoddi4
 .text          0x0000000008001058        0x4 d:/st/stm32cubeide_1.10.1/stm32cubeide/plugins/com.st.stm32cube.ide.mcu.externaltools.gnu-tools-for-stm32.10.3-2021.10.win32_1.0.0.202111181127/tools/bin/../lib/gcc/arm-none-eabi/10.3.1/thumb/v7e-m+fp/hard\libgcc.a(_dvmd_tls.o)
                0x0000000008001058                __aeabi_idiv0
                0x0000000008001058                __aeabi_ldiv0
 *(.text*)
 .text.invSqrt  0x000000000800105c       0x78 ./Core/Src/AHRSAlgorithms.o
 .text.MahonyAHRSupdateIMU
                0x00000000080010d4      0x490 ./Core/Src/AHRSAlgorithms.o
                0x00000000080010d4                MahonyAHRSupdateIMU
 .text.getQ     0x0000000008001564       0x14 ./Core/Src/AHRSAlgorithms.o
                0x0000000008001564                getQ
 .text.BMX055_BMA_Init
                0x0000000008001578      0x116 ./Core/Src/bmx055.o
                0x0000000008001578                BMX055_BMA_Init
 .text.setFastOffset_BMA
                0x000000000800168e      0x136 ./Core/Src/bmx055.o
                0x000000000800168e                setFastOffset_BMA
 .text.BMX055_Read_Accel
                0x00000000080017c4       0xfc ./Core/Src/bmx055.o
                0x00000000080017c4                BMX055_Read_Accel
 .text.BMX055_Read_Accel_DMA
                0x00000000080018c0       0x34 ./Core/Src/bmx055.o
                0x00000000080018c0                BMX055_Read_Accel_DMA
 .text.BMX055_BMG_Init
                0x00000000080018f4      0x11e ./Core/Src/bmx055.o
                0x00000000080018f4                BMX055_BMG_Init
 .text.setFastOffset_BMG
                0x0000000008001a12       0x58 ./Core/Src/bmx055.o
                0x0000000008001a12                setFastOffset_BMG
 *fill*         0x0000000008001a6a        0x6 
 .text.BMX055_Read_Gyro
                0x0000000008001a70       0xe8 ./Core/Src/bmx055.o
                0x0000000008001a70                BMX055_Read_Gyro
 .text.BMX055_Read_Gyro_DMA
                0x0000000008001b58       0x34 ./Core/Src/bmx055.o
                0x0000000008001b58                BMX055_Read_Gyro_DMA
 .text.BMX055_Process_Accel_Raw
                0x0000000008001b8c       0xd0 ./Core/Src/bmx055.o
                0x0000000008001b8c                BMX055_Process_Accel_Raw
 .text.BMX055_Process_Gyro_Raw
                0x0000000008001c5c       0x9c ./Core/Src/bmx055.o
                0x0000000008001c5c                BMX055_Process_Gyro_Raw
 .text.calculateNotchFilterCoeffs
                0x0000000008001cf8      0x2a4 ./Core/Src/calculate_notch_coeffs.o
                0x0000000008001cf8                calculateNotchFilterCoeffs
 .text.MX_DMA_Init
                0x0000000008001f9c       0xdc ./Core/Src/dma.o
                0x0000000008001f9c                MX_DMA_Init
 .text.MX_GPIO_Init
                0x0000000008002078      0x108 ./Core/Src/gpio.o
                0x0000000008002078                MX_GPIO_Init
 .text.MX_I2C1_Init
                0x0000000008002180       0x5c ./Core/Src/i2c.o
                0x0000000008002180                MX_I2C1_Init
 .text.HAL_I2C_MspInit
                0x00000000080021dc      0x17c ./Core/Src/i2c.o
                0x00000000080021dc                HAL_I2C_MspInit
 .text.HAL_I2C_MspDeInit
                0x0000000008002358       0x64 ./Core/Src/i2c.o
                0x0000000008002358                HAL_I2C_MspDeInit
 .text.I2C_Bus_Reset
                0x00000000080023bc      0x1f4 ./Core/Src/i2c.o
                0x00000000080023bc                I2C_Bus_Reset
 .text.add_to_x
                0x00000000080025b0       0x48 ./Core/Src/main.o
                0x00000000080025b0                add_to_x
 .text.add_to_y
                0x00000000080025f8       0x48 ./Core/Src/main.o
                0x00000000080025f8                add_to_y
 .text.add_to_z
                0x0000000008002640       0x48 ./Core/Src/main.o
                0x0000000008002640                add_to_z
 .text.update_coeff
                0x0000000008002688      0x2b8 ./Core/Src/main.o
                0x0000000008002688                update_coeff
 .text.Motors_Set_Throttle
                0x0000000008002940       0x98 ./Core/Src/main.o
                0x0000000008002940                Motors_Set_Throttle
 .text.Motors_DMA_Init
                0x00000000080029d8       0x6c ./Core/Src/main.o
                0x00000000080029d8                Motors_DMA_Init
 .text.constrain_float
                0x0000000008002a44       0x52 ./Core/Src/main.o
                0x0000000008002a44                constrain_float
 .text.constrain
                0x0000000008002a96       0x32 ./Core/Src/main.o
                0x0000000008002a96                constrain
 .text.safe_pid_value
                0x0000000008002ac8       0x3c ./Core/Src/main.o
                0x0000000008002ac8                safe_pid_value
 .text.round_to
                0x0000000008002b04       0x5c ./Core/Src/main.o
                0x0000000008002b04                round_to
 .text.invSqrt  0x0000000008002b60       0x78 ./Core/Src/main.o
 .text.get_angle_mahony
                0x0000000008002bd8      0x5ec ./Core/Src/main.o
                0x0000000008002bd8                get_angle_mahony
 .text.normalizeQuaternion
                0x00000000080031c4       0xde ./Core/Src/main.o
                0x00000000080031c4                normalizeQuaternion
 *fill*         0x00000000080032a2        0x6 
 .text.eulerToQuaternion
                0x00000000080032a8      0x2d0 ./Core/Src/main.o
                0x00000000080032a8                eulerToQuaternion
 .text.quat_inverse
                0x0000000008003578       0x5a ./Core/Src/main.o
                0x0000000008003578                quat_inverse
 .text.quat_multiply
                0x00000000080035d2      0x196 ./Core/Src/main.o
                0x00000000080035d2                quat_multiply
 .text.quat_error
                0x0000000008003768       0x2e ./Core/Src/main.o
                0x0000000008003768                quat_error
 *fill*         0x0000000008003796        0x2 
 .text.get_filter_data_accel
                0x0000000008003798      0x358 ./Core/Src/main.o
                0x0000000008003798                get_filter_data_accel
 .text.get_filter_data_gyro
                0x0000000008003af0      0x2d0 ./Core/Src/main.o
                0x0000000008003af0                get_filter_data_gyro
 .text.get_mtf_data
                0x0000000008003dc0       0x6c ./Core/Src/main.o
                0x0000000008003dc0                get_mtf_data
 .text.I2C_Start_Read_gyro
                0x0000000008003e2c       0x24 ./Core/Src/main.o
                0x0000000008003e2c                I2C_Start_Read_gyro
 .text.I2C_Start_Read_accel
                0x0000000008003e50       0x24 ./Core/Src/main.o
                0x0000000008003e50                I2C_Start_Read_accel
 .text.bias     0x0000000008003e74      0x1e8 ./Core/Src/main.o
                0x0000000008003e74                bias
 .text.InitBMX055
                0x000000000800405c       0x78 ./Core/Src/main.o
                0x000000000800405c                InitBMX055
 .text.run_control_loop
                0x00000000080040d4      0xf8c ./Core/Src/main.o
                0x00000000080040d4                run_control_loop
 .text.main     0x0000000008005060      0x4dc ./Core/Src/main.o
                0x0000000008005060                main
 .text.SystemClock_Config
                0x000000000800553c       0xd0 ./Core/Src/main.o
                0x000000000800553c                SystemClock_Config
 .text.HAL_TIM_PeriodElapsedCallback
                0x000000000800560c       0x5c ./Core/Src/main.o
                0x000000000800560c                HAL_TIM_PeriodElapsedCallback
 .text.HAL_I2C_MemRxCpltCallback
                0x0000000008005668       0x74 ./Core/Src/main.o
                0x0000000008005668                HAL_I2C_MemRxCpltCallback
 .text.HAL_I2C_ErrorCallback
                0x00000000080056dc       0x30 ./Core/Src/main.o
                0x00000000080056dc                HAL_I2C_ErrorCallback
 .text.Error_Handler
                0x000000000800570c        0xa ./Core/Src/main.o
                0x000000000800570c                Error_Handler
 .text.median_filter
                0x0000000008005716       0xd8 ./Core/Src/median_moving_average_filter.o
                0x0000000008005716                median_filter
 .text.low_pass_filter_init
                0x00000000080057ee       0x26 ./Core/Src/median_moving_average_filter.o
                0x00000000080057ee                low_pass_filter_init
 .text.low_pass_filter
                0x0000000008005814       0x52 ./Core/Src/median_moving_average_filter.o
                0x0000000008005814                low_pass_filter
 *fill*         0x0000000008005866        0x2 
 .text.micolink_decode
                0x0000000008005868       0x94 ./Core/Src/mtf02.o
                0x0000000008005868                micolink_decode
 .text.micolink_check_sum
                0x00000000080058fc       0x78 ./Core/Src/mtf02.o
                0x00000000080058fc                micolink_check_sum
 .text.micolink_parse_char
                0x0000000008005974      0x188 ./Core/Src/mtf02.o
                0x0000000008005974                micolink_parse_char
 .text.gyro_integration_update
                0x0000000008005afc       0xcc ./Core/Src/optical_flow_compensation.o
                0x0000000008005afc                gyro_integration_update
 .text.calculate_linear_velocity
                0x0000000008005bc8      0x124 ./Core/Src/optical_flow_compensation.o
                0x0000000008005bc8                calculate_linear_velocity
 .text.compensate_rotation_for_optical_flow
                0x0000000008005cec       0xc4 ./Core/Src/optical_flow_compensation.o
                0x0000000008005cec                compensate_rotation_for_optical_flow
 .text.process_optical_flow_data
                0x0000000008005db0       0x78 ./Core/Src/optical_flow_compensation.o
                0x0000000008005db0                process_optical_flow_data
 .text.should_process_optical_flow
                0x0000000008005e28       0x34 ./Core/Src/optical_flow_compensation.o
                0x0000000008005e28                should_process_optical_flow
 .text.gyro_integration_reset
                0x0000000008005e5c       0x38 ./Core/Src/optical_flow_compensation.o
                0x0000000008005e5c                gyro_integration_reset
 .text.optical_flow_results_init
                0x0000000008005e94       0x40 ./Core/Src/optical_flow_compensation.o
                0x0000000008005e94                optical_flow_results_init
 .text.PID_Init
                0x0000000008005ed4       0x7a ./Core/Src/pid.o
                0x0000000008005ed4                PID_Init
 *fill*         0x0000000008005f4e        0x2 
 .text.PID_Compute
                0x0000000008005f50      0x228 ./Core/Src/pid.o
                0x0000000008005f50                PID_Compute
 .text.PID_2_Reset
                0x0000000008006178       0x34 ./Core/Src/pid.o
                0x0000000008006178                PID_2_Reset
 .text.PID_2_Init
                0x00000000080061ac       0x7a ./Core/Src/pid.o
                0x00000000080061ac                PID_2_Init
 .text.PID_DoM_Init
                0x0000000008006226       0x7a ./Core/Src/pid.o
                0x0000000008006226                PID_DoM_Init
 .text.PID_DoM_Compute
                0x00000000080062a0      0x264 ./Core/Src/pid.o
                0x00000000080062a0                PID_DoM_Compute
 .text.expo_curve
                0x0000000008006504       0x4c ./Core/Src/remote_control.o
                0x0000000008006504                expo_curve
 .text.crc_accumulate
                0x0000000008006550       0x64 ./Core/Src/remote_control_mavlink.o
 .text.crc_init
                0x00000000080065b4       0x1c ./Core/Src/remote_control_mavlink.o
 .text.mavlink_sha256_init
                0x00000000080065d0       0x70 ./Core/Src/remote_control_mavlink.o
 .text.mavlink_sha256_calc
                0x0000000008006640      0x3c0 ./Core/Src/remote_control_mavlink.o
 .text.mavlink_sha256_update
                0x0000000008006a00       0xfe ./Core/Src/remote_control_mavlink.o
 .text.mavlink_sha256_final_48
                0x0000000008006afe      0x12e ./Core/Src/remote_control_mavlink.o
 .text.mavlink_get_channel_status
                0x0000000008006c2c       0x28 ./Core/Src/remote_control_mavlink.o
 .text.mavlink_get_channel_buffer
                0x0000000008006c54       0x28 ./Core/Src/remote_control_mavlink.o
 .text.mavlink_signature_check
                0x0000000008006c7c      0x2a0 ./Core/Src/remote_control_mavlink.o
 .text._mav_parse_error
                0x0000000008006f1c       0x20 ./Core/Src/remote_control_mavlink.o
 .text.mavlink_start_checksum
                0x0000000008006f3c       0x24 ./Core/Src/remote_control_mavlink.o
 .text.mavlink_update_checksum
                0x0000000008006f60       0x30 ./Core/Src/remote_control_mavlink.o
 .text.mavlink_get_msg_entry
                0x0000000008006f90       0xa0 ./Core/Src/remote_control_mavlink.o
 .text.mavlink_frame_char_buffer
                0x0000000008007030      0x5d4 ./Core/Src/remote_control_mavlink.o
 .text.mavlink_frame_char
                0x0000000008007604       0x3e ./Core/Src/remote_control_mavlink.o
 .text.mavlink_parse_char
                0x0000000008007642       0x7a ./Core/Src/remote_control_mavlink.o
 .text.mavlink_msg_rc_channels_override_decode
                0x00000000080076bc       0x36 ./Core/Src/remote_control_mavlink.o
 .text.mavlink_msg_heartbeat_decode
                0x00000000080076f2       0x36 ./Core/Src/remote_control_mavlink.o
 .text.handle_heartbeat
                0x0000000008007728       0x2c ./Core/Src/remote_control_mavlink.o
 .text.handle_rc_channels
                0x0000000008007754       0x6c ./Core/Src/remote_control_mavlink.o
 .text.MAV_Dispatch_Message
                0x00000000080077c0       0x3a ./Core/Src/remote_control_mavlink.o
 *fill*         0x00000000080077fa        0x2 
 .text.MAV_Init
                0x00000000080077fc       0x30 ./Core/Src/remote_control_mavlink.o
                0x00000000080077fc                MAV_Init
 .text.MAV_Process
                0x000000000800782c       0x80 ./Core/Src/remote_control_mavlink.o
                0x000000000800782c                MAV_Process
 .text.MAV_Check_Connection
                0x00000000080078ac       0xfc ./Core/Src/remote_control_mavlink.o
                0x00000000080078ac                MAV_Check_Connection
 .text.HAL_MspInit
                0x00000000080079a8       0x50 ./Core/Src/stm32f4xx_hal_msp.o
                0x00000000080079a8                HAL_MspInit
 .text.NMI_Handler
                0x00000000080079f8        0x6 ./Core/Src/stm32f4xx_it.o
                0x00000000080079f8                NMI_Handler
 .text.HardFault_Handler
                0x00000000080079fe        0x6 ./Core/Src/stm32f4xx_it.o
                0x00000000080079fe                HardFault_Handler
 .text.MemManage_Handler
                0x0000000008007a04        0x6 ./Core/Src/stm32f4xx_it.o
                0x0000000008007a04                MemManage_Handler
 .text.BusFault_Handler
                0x0000000008007a0a        0x6 ./Core/Src/stm32f4xx_it.o
                0x0000000008007a0a                BusFault_Handler
 .text.UsageFault_Handler
                0x0000000008007a10        0x6 ./Core/Src/stm32f4xx_it.o
                0x0000000008007a10                UsageFault_Handler
 .text.SVC_Handler
                0x0000000008007a16        0xe ./Core/Src/stm32f4xx_it.o
                0x0000000008007a16                SVC_Handler
 .text.DebugMon_Handler
                0x0000000008007a24        0xe ./Core/Src/stm32f4xx_it.o
                0x0000000008007a24                DebugMon_Handler
 .text.PendSV_Handler
                0x0000000008007a32        0xe ./Core/Src/stm32f4xx_it.o
                0x0000000008007a32                PendSV_Handler
 .text.SysTick_Handler
                0x0000000008007a40        0xc ./Core/Src/stm32f4xx_it.o
                0x0000000008007a40                SysTick_Handler
 .text.DMA1_Stream0_IRQHandler
                0x0000000008007a4c       0x14 ./Core/Src/stm32f4xx_it.o
                0x0000000008007a4c                DMA1_Stream0_IRQHandler
 .text.DMA1_Stream6_IRQHandler
                0x0000000008007a60       0x14 ./Core/Src/stm32f4xx_it.o
                0x0000000008007a60                DMA1_Stream6_IRQHandler
 .text.TIM1_TRG_COM_TIM11_IRQHandler
                0x0000000008007a74       0x1c ./Core/Src/stm32f4xx_it.o
                0x0000000008007a74                TIM1_TRG_COM_TIM11_IRQHandler
 .text.I2C1_EV_IRQHandler
                0x0000000008007a90       0x14 ./Core/Src/stm32f4xx_it.o
                0x0000000008007a90                I2C1_EV_IRQHandler
 .text.I2C1_ER_IRQHandler
                0x0000000008007aa4       0x14 ./Core/Src/stm32f4xx_it.o
                0x0000000008007aa4                I2C1_ER_IRQHandler
 .text.USART1_IRQHandler
                0x0000000008007ab8       0x14 ./Core/Src/stm32f4xx_it.o
                0x0000000008007ab8                USART1_IRQHandler
 .text.DMA2_Stream1_IRQHandler
                0x0000000008007acc       0x14 ./Core/Src/stm32f4xx_it.o
                0x0000000008007acc                DMA2_Stream1_IRQHandler
 .text.DMA2_Stream2_IRQHandler
                0x0000000008007ae0       0x14 ./Core/Src/stm32f4xx_it.o
                0x0000000008007ae0                DMA2_Stream2_IRQHandler
 .text.DMA2_Stream3_IRQHandler
                0x0000000008007af4       0x14 ./Core/Src/stm32f4xx_it.o
                0x0000000008007af4                DMA2_Stream3_IRQHandler
 .text.DMA2_Stream4_IRQHandler
                0x0000000008007b08       0x14 ./Core/Src/stm32f4xx_it.o
                0x0000000008007b08                DMA2_Stream4_IRQHandler
 .text.DMA2_Stream5_IRQHandler
                0x0000000008007b1c       0x14 ./Core/Src/stm32f4xx_it.o
                0x0000000008007b1c                DMA2_Stream5_IRQHandler
 .text.DMA2_Stream6_IRQHandler
                0x0000000008007b30       0x14 ./Core/Src/stm32f4xx_it.o
                0x0000000008007b30                DMA2_Stream6_IRQHandler
 .text.DMA2_Stream7_IRQHandler
                0x0000000008007b44       0x14 ./Core/Src/stm32f4xx_it.o
                0x0000000008007b44                DMA2_Stream7_IRQHandler
 .text.USART6_IRQHandler
                0x0000000008007b58       0x14 ./Core/Src/stm32f4xx_it.o
                0x0000000008007b58                USART6_IRQHandler
 .text._getpid  0x0000000008007b6c       0x10 ./Core/Src/syscalls.o
                0x0000000008007b6c                _getpid
 .text._kill    0x0000000008007b7c       0x20 ./Core/Src/syscalls.o
                0x0000000008007b7c                _kill
 .text._exit    0x0000000008007b9c       0x14 ./Core/Src/syscalls.o
                0x0000000008007b9c                _exit
 .text._read    0x0000000008007bb0       0x3a ./Core/Src/syscalls.o
                0x0000000008007bb0                _read
 .text._write   0x0000000008007bea       0x38 ./Core/Src/syscalls.o
                0x0000000008007bea                _write
 .text._close   0x0000000008007c22       0x18 ./Core/Src/syscalls.o
                0x0000000008007c22                _close
 .text._fstat   0x0000000008007c3a       0x20 ./Core/Src/syscalls.o
                0x0000000008007c3a                _fstat
 .text._isatty  0x0000000008007c5a       0x16 ./Core/Src/syscalls.o
                0x0000000008007c5a                _isatty
 .text._lseek   0x0000000008007c70       0x1a ./Core/Src/syscalls.o
                0x0000000008007c70                _lseek
 *fill*         0x0000000008007c8a        0x2 
 .text._sbrk    0x0000000008007c8c       0x6c ./Core/Src/sysmem.o
                0x0000000008007c8c                _sbrk
 .text.SystemInit
                0x0000000008007cf8       0x24 ./Core/Src/system_stm32f4xx.o
                0x0000000008007cf8                SystemInit
 .text.MX_TIM1_Init
                0x0000000008007d1c      0x188 ./Core/Src/tim.o
                0x0000000008007d1c                MX_TIM1_Init
 .text.MX_TIM11_Init
                0x0000000008007ea4       0x48 ./Core/Src/tim.o
                0x0000000008007ea4                MX_TIM11_Init
 .text.HAL_TIM_Base_MspInit
                0x0000000008007eec      0x254 ./Core/Src/tim.o
                0x0000000008007eec                HAL_TIM_Base_MspInit
 .text.HAL_TIM_MspPostInit
                0x0000000008008140       0x74 ./Core/Src/tim.o
                0x0000000008008140                HAL_TIM_MspPostInit
 .text.MX_USART1_UART_Init
                0x00000000080081b4       0x54 ./Core/Src/usart.o
                0x00000000080081b4                MX_USART1_UART_Init
 .text.MX_USART2_UART_Init
                0x0000000008008208       0x54 ./Core/Src/usart.o
                0x0000000008008208                MX_USART2_UART_Init
 .text.MX_USART6_UART_Init
                0x000000000800825c       0x54 ./Core/Src/usart.o
                0x000000000800825c                MX_USART6_UART_Init
 .text.HAL_UART_MspInit
                0x00000000080082b0      0x300 ./Core/Src/usart.o
                0x00000000080082b0                HAL_UART_MspInit
 .text.calculate_vibration_frequency
                0x00000000080085b0      0x15c ./Core/Src/vibration_analysis.o
                0x00000000080085b0                calculate_vibration_frequency
 .text.Reset_Handler
                0x000000000800870c       0x50 ./Core/Startup/startup_stm32f411retx.o
                0x000000000800870c                Reset_Handler
 .text.Default_Handler
                0x000000000800875c        0x2 ./Core/Startup/startup_stm32f411retx.o
                0x000000000800875c                RTC_Alarm_IRQHandler
                0x000000000800875c                EXTI2_IRQHandler
                0x000000000800875c                SPI4_IRQHandler
                0x000000000800875c                TIM1_CC_IRQHandler
                0x000000000800875c                DMA1_Stream5_IRQHandler
                0x000000000800875c                PVD_IRQHandler
                0x000000000800875c                SDIO_IRQHandler
                0x000000000800875c                TAMP_STAMP_IRQHandler
                0x000000000800875c                EXTI3_IRQHandler
                0x000000000800875c                TIM1_UP_TIM10_IRQHandler
                0x000000000800875c                I2C3_ER_IRQHandler
                0x000000000800875c                EXTI0_IRQHandler
                0x000000000800875c                I2C2_EV_IRQHandler
                0x000000000800875c                DMA1_Stream2_IRQHandler
                0x000000000800875c                FPU_IRQHandler
                0x000000000800875c                SPI1_IRQHandler
                0x000000000800875c                TIM1_BRK_TIM9_IRQHandler
                0x000000000800875c                DMA2_Stream0_IRQHandler
                0x000000000800875c                TIM4_IRQHandler
                0x000000000800875c                DMA1_Stream1_IRQHandler
                0x000000000800875c                TIM3_IRQHandler
                0x000000000800875c                RCC_IRQHandler
                0x000000000800875c                Default_Handler
                0x000000000800875c                EXTI15_10_IRQHandler
                0x000000000800875c                ADC_IRQHandler
                0x000000000800875c                DMA1_Stream7_IRQHandler
                0x000000000800875c                SPI5_IRQHandler
                0x000000000800875c                TIM5_IRQHandler
                0x000000000800875c                I2C3_EV_IRQHandler
                0x000000000800875c                EXTI9_5_IRQHandler
                0x000000000800875c                RTC_WKUP_IRQHandler
                0x000000000800875c                SPI2_IRQHandler
                0x000000000800875c                EXTI4_IRQHandler
                0x000000000800875c                WWDG_IRQHandler
                0x000000000800875c                TIM2_IRQHandler
                0x000000000800875c                OTG_FS_WKUP_IRQHandler
                0x000000000800875c                EXTI1_IRQHandler
                0x000000000800875c                USART2_IRQHandler
                0x000000000800875c                I2C2_ER_IRQHandler
                0x000000000800875c                FLASH_IRQHandler
                0x000000000800875c                OTG_FS_IRQHandler
                0x000000000800875c                SPI3_IRQHandler
                0x000000000800875c                DMA1_Stream4_IRQHandler
                0x000000000800875c                DMA1_Stream3_IRQHandler
 *fill*         0x000000000800875e        0x2 
 .text.HAL_Init
                0x0000000008008760       0x44 ./Drivers/STM32F4xx_HAL_Driver/Src/stm32f4xx_hal.o
                0x0000000008008760                HAL_Init
 .text.HAL_InitTick
                0x00000000080087a4       0x60 ./Drivers/STM32F4xx_HAL_Driver/Src/stm32f4xx_hal.o
                0x00000000080087a4                HAL_InitTick
 .text.HAL_IncTick
                0x0000000008008804       0x28 ./Drivers/STM32F4xx_HAL_Driver/Src/stm32f4xx_hal.o
                0x0000000008008804                HAL_IncTick
 .text.HAL_GetTick
                0x000000000800882c       0x18 ./Drivers/STM32F4xx_HAL_Driver/Src/stm32f4xx_hal.o
                0x000000000800882c                HAL_GetTick
 .text.HAL_Delay
                0x0000000008008844       0x48 ./Drivers/STM32F4xx_HAL_Driver/Src/stm32f4xx_hal.o
                0x0000000008008844                HAL_Delay
 .text.__NVIC_SetPriorityGrouping
                0x000000000800888c       0x48 ./Drivers/STM32F4xx_HAL_Driver/Src/stm32f4xx_hal_cortex.o
 .text.__NVIC_GetPriorityGrouping
                0x00000000080088d4       0x1c ./Drivers/STM32F4xx_HAL_Driver/Src/stm32f4xx_hal_cortex.o
 .text.__NVIC_EnableIRQ
                0x00000000080088f0       0x3c ./Drivers/STM32F4xx_HAL_Driver/Src/stm32f4xx_hal_cortex.o
 .text.__NVIC_DisableIRQ
                0x000000000800892c       0x48 ./Drivers/STM32F4xx_HAL_Driver/Src/stm32f4xx_hal_cortex.o
 .text.__NVIC_SetPriority
                0x0000000008008974       0x54 ./Drivers/STM32F4xx_HAL_Driver/Src/stm32f4xx_hal_cortex.o
 .text.NVIC_EncodePriority
                0x00000000080089c8       0x66 ./Drivers/STM32F4xx_HAL_Driver/Src/stm32f4xx_hal_cortex.o
 *fill*         0x0000000008008a2e        0x2 
 .text.SysTick_Config
                0x0000000008008a30       0x44 ./Drivers/STM32F4xx_HAL_Driver/Src/stm32f4xx_hal_cortex.o
 .text.HAL_NVIC_SetPriorityGrouping
                0x0000000008008a74       0x16 ./Drivers/STM32F4xx_HAL_Driver/Src/stm32f4xx_hal_cortex.o
                0x0000000008008a74                HAL_NVIC_SetPriorityGrouping
 .text.HAL_NVIC_SetPriority
                0x0000000008008a8a       0x38 ./Drivers/STM32F4xx_HAL_Driver/Src/stm32f4xx_hal_cortex.o
                0x0000000008008a8a                HAL_NVIC_SetPriority
 .text.HAL_NVIC_EnableIRQ
                0x0000000008008ac2       0x1c ./Drivers/STM32F4xx_HAL_Driver/Src/stm32f4xx_hal_cortex.o
                0x0000000008008ac2                HAL_NVIC_EnableIRQ
 .text.HAL_NVIC_DisableIRQ
                0x0000000008008ade       0x1c ./Drivers/STM32F4xx_HAL_Driver/Src/stm32f4xx_hal_cortex.o
                0x0000000008008ade                HAL_NVIC_DisableIRQ
 .text.HAL_SYSTICK_Config
                0x0000000008008afa       0x18 ./Drivers/STM32F4xx_HAL_Driver/Src/stm32f4xx_hal_cortex.o
                0x0000000008008afa                HAL_SYSTICK_Config
 *fill*         0x0000000008008b12        0x2 
 .text.HAL_DMA_Init
                0x0000000008008b14      0x15c ./Drivers/STM32F4xx_HAL_Driver/Src/stm32f4xx_hal_dma.o
                0x0000000008008b14                HAL_DMA_Init
 .text.HAL_DMA_DeInit
                0x0000000008008c70       0xbc ./Drivers/STM32F4xx_HAL_Driver/Src/stm32f4xx_hal_dma.o
                0x0000000008008c70                HAL_DMA_DeInit
 .text.HAL_DMA_Start_IT
                0x0000000008008d2c       0xb0 ./Drivers/STM32F4xx_HAL_Driver/Src/stm32f4xx_hal_dma.o
                0x0000000008008d2c                HAL_DMA_Start_IT
 .text.HAL_DMA_Abort
                0x0000000008008ddc       0xe0 ./Drivers/STM32F4xx_HAL_Driver/Src/stm32f4xx_hal_dma.o
                0x0000000008008ddc                HAL_DMA_Abort
 .text.HAL_DMA_Abort_IT
                0x0000000008008ebc       0x44 ./Drivers/STM32F4xx_HAL_Driver/Src/stm32f4xx_hal_dma.o
                0x0000000008008ebc                HAL_DMA_Abort_IT
 .text.HAL_DMA_IRQHandler
                0x0000000008008f00      0x314 ./Drivers/STM32F4xx_HAL_Driver/Src/stm32f4xx_hal_dma.o
                0x0000000008008f00                HAL_DMA_IRQHandler
 .text.HAL_DMA_GetState
                0x0000000008009214       0x1c ./Drivers/STM32F4xx_HAL_Driver/Src/stm32f4xx_hal_dma.o
                0x0000000008009214                HAL_DMA_GetState
 .text.HAL_DMA_GetError
                0x0000000008009230       0x18 ./Drivers/STM32F4xx_HAL_Driver/Src/stm32f4xx_hal_dma.o
                0x0000000008009230                HAL_DMA_GetError
 .text.DMA_SetConfig
                0x0000000008009248       0x5c ./Drivers/STM32F4xx_HAL_Driver/Src/stm32f4xx_hal_dma.o
 .text.DMA_CalcBaseAndBitshift
                0x00000000080092a4       0x6c ./Drivers/STM32F4xx_HAL_Driver/Src/stm32f4xx_hal_dma.o
 .text.DMA_CheckFifoParam
                0x0000000008009310       0xf8 ./Drivers/STM32F4xx_HAL_Driver/Src/stm32f4xx_hal_dma.o
 .text.HAL_GPIO_Init
                0x0000000008009408      0x308 ./Drivers/STM32F4xx_HAL_Driver/Src/stm32f4xx_hal_gpio.o
                0x0000000008009408                HAL_GPIO_Init
 .text.HAL_GPIO_DeInit
                0x0000000008009710      0x1c8 ./Drivers/STM32F4xx_HAL_Driver/Src/stm32f4xx_hal_gpio.o
                0x0000000008009710                HAL_GPIO_DeInit
 .text.HAL_GPIO_ReadPin
                0x00000000080098d8       0x30 ./Drivers/STM32F4xx_HAL_Driver/Src/stm32f4xx_hal_gpio.o
                0x00000000080098d8                HAL_GPIO_ReadPin
 .text.HAL_GPIO_WritePin
                0x0000000008009908       0x32 ./Drivers/STM32F4xx_HAL_Driver/Src/stm32f4xx_hal_gpio.o
                0x0000000008009908                HAL_GPIO_WritePin
 *fill*         0x000000000800993a        0x2 
 .text.HAL_I2C_Init
                0x000000000800993c      0x288 ./Drivers/STM32F4xx_HAL_Driver/Src/stm32f4xx_hal_i2c.o
                0x000000000800993c                HAL_I2C_Init
 .text.HAL_I2C_DeInit
                0x0000000008009bc4       0x5e ./Drivers/STM32F4xx_HAL_Driver/Src/stm32f4xx_hal_i2c.o
                0x0000000008009bc4                HAL_I2C_DeInit
 *fill*         0x0000000008009c22        0x2 
 .text.HAL_I2C_Mem_Write
                0x0000000008009c24      0x1f4 ./Drivers/STM32F4xx_HAL_Driver/Src/stm32f4xx_hal_i2c.o
                0x0000000008009c24                HAL_I2C_Mem_Write
 .text.HAL_I2C_Mem_Read
                0x0000000008009e18      0x44c ./Drivers/STM32F4xx_HAL_Driver/Src/stm32f4xx_hal_i2c.o
                0x0000000008009e18                HAL_I2C_Mem_Read
 .text.HAL_I2C_Mem_Read_DMA
                0x000000000800a264      0x328 ./Drivers/STM32F4xx_HAL_Driver/Src/stm32f4xx_hal_i2c.o
                0x000000000800a264                HAL_I2C_Mem_Read_DMA
 .text.HAL_I2C_EV_IRQHandler
                0x000000000800a58c      0x2e2 ./Drivers/STM32F4xx_HAL_Driver/Src/stm32f4xx_hal_i2c.o
                0x000000000800a58c                HAL_I2C_EV_IRQHandler
 .text.HAL_I2C_ER_IRQHandler
                0x000000000800a86e      0x14e ./Drivers/STM32F4xx_HAL_Driver/Src/stm32f4xx_hal_i2c.o
                0x000000000800a86e                HAL_I2C_ER_IRQHandler
 .text.HAL_I2C_MasterTxCpltCallback
                0x000000000800a9bc       0x14 ./Drivers/STM32F4xx_HAL_Driver/Src/stm32f4xx_hal_i2c.o
                0x000000000800a9bc                HAL_I2C_MasterTxCpltCallback
 .text.HAL_I2C_MasterRxCpltCallback
                0x000000000800a9d0       0x14 ./Drivers/STM32F4xx_HAL_Driver/Src/stm32f4xx_hal_i2c.o
                0x000000000800a9d0                HAL_I2C_MasterRxCpltCallback
 .text.HAL_I2C_SlaveTxCpltCallback
                0x000000000800a9e4       0x14 ./Drivers/STM32F4xx_HAL_Driver/Src/stm32f4xx_hal_i2c.o
                0x000000000800a9e4                HAL_I2C_SlaveTxCpltCallback
 .text.HAL_I2C_SlaveRxCpltCallback
                0x000000000800a9f8       0x14 ./Drivers/STM32F4xx_HAL_Driver/Src/stm32f4xx_hal_i2c.o
                0x000000000800a9f8                HAL_I2C_SlaveRxCpltCallback
 .text.HAL_I2C_AddrCallback
                0x000000000800aa0c       0x1c ./Drivers/STM32F4xx_HAL_Driver/Src/stm32f4xx_hal_i2c.o
                0x000000000800aa0c                HAL_I2C_AddrCallback
 .text.HAL_I2C_ListenCpltCallback
                0x000000000800aa28       0x14 ./Drivers/STM32F4xx_HAL_Driver/Src/stm32f4xx_hal_i2c.o
                0x000000000800aa28                HAL_I2C_ListenCpltCallback
 .text.HAL_I2C_MemTxCpltCallback
                0x000000000800aa3c       0x14 ./Drivers/STM32F4xx_HAL_Driver/Src/stm32f4xx_hal_i2c.o
                0x000000000800aa3c                HAL_I2C_MemTxCpltCallback
 .text.HAL_I2C_AbortCpltCallback
                0x000000000800aa50       0x14 ./Drivers/STM32F4xx_HAL_Driver/Src/stm32f4xx_hal_i2c.o
                0x000000000800aa50                HAL_I2C_AbortCpltCallback
 .text.HAL_I2C_GetState
                0x000000000800aa64       0x1c ./Drivers/STM32F4xx_HAL_Driver/Src/stm32f4xx_hal_i2c.o
                0x000000000800aa64                HAL_I2C_GetState
 .text.I2C_MasterTransmit_TXE
                0x000000000800aa80      0x138 ./Drivers/STM32F4xx_HAL_Driver/Src/stm32f4xx_hal_i2c.o
 .text.I2C_MasterTransmit_BTF
                0x000000000800abb8       0xec ./Drivers/STM32F4xx_HAL_Driver/Src/stm32f4xx_hal_i2c.o
 .text.I2C_MemoryTransmit_TXE_BTF
                0x000000000800aca4      0x128 ./Drivers/STM32F4xx_HAL_Driver/Src/stm32f4xx_hal_i2c.o
 .text.I2C_MasterReceive_RXNE
                0x000000000800adcc      0x176 ./Drivers/STM32F4xx_HAL_Driver/Src/stm32f4xx_hal_i2c.o
 .text.I2C_MasterReceive_BTF
                0x000000000800af42      0x1d4 ./Drivers/STM32F4xx_HAL_Driver/Src/stm32f4xx_hal_i2c.o
 .text.I2C_Master_SB
                0x000000000800b116      0x10c ./Drivers/STM32F4xx_HAL_Driver/Src/stm32f4xx_hal_i2c.o
 .text.I2C_Master_ADD10
                0x000000000800b222       0x54 ./Drivers/STM32F4xx_HAL_Driver/Src/stm32f4xx_hal_i2c.o
 .text.I2C_Master_ADDR
                0x000000000800b276      0x322 ./Drivers/STM32F4xx_HAL_Driver/Src/stm32f4xx_hal_i2c.o
 .text.I2C_SlaveTransmit_TXE
                0x000000000800b598       0x7a ./Drivers/STM32F4xx_HAL_Driver/Src/stm32f4xx_hal_i2c.o
 .text.I2C_SlaveTransmit_BTF
                0x000000000800b612       0x42 ./Drivers/STM32F4xx_HAL_Driver/Src/stm32f4xx_hal_i2c.o
 .text.I2C_SlaveReceive_RXNE
                0x000000000800b654       0x7c ./Drivers/STM32F4xx_HAL_Driver/Src/stm32f4xx_hal_i2c.o
 .text.I2C_SlaveReceive_BTF
                0x000000000800b6d0       0x44 ./Drivers/STM32F4xx_HAL_Driver/Src/stm32f4xx_hal_i2c.o
 .text.I2C_Slave_ADDR
                0x000000000800b714       0x94 ./Drivers/STM32F4xx_HAL_Driver/Src/stm32f4xx_hal_i2c.o
 .text.I2C_Slave_STOPF
                0x000000000800b7a8      0x260 ./Drivers/STM32F4xx_HAL_Driver/Src/stm32f4xx_hal_i2c.o
 .text.I2C_Slave_AF
                0x000000000800ba08       0xe0 ./Drivers/STM32F4xx_HAL_Driver/Src/stm32f4xx_hal_i2c.o
 .text.I2C_ITError
                0x000000000800bae8      0x264 ./Drivers/STM32F4xx_HAL_Driver/Src/stm32f4xx_hal_i2c.o
 .text.I2C_RequestMemoryWrite
                0x000000000800bd4c      0x12c ./Drivers/STM32F4xx_HAL_Driver/Src/stm32f4xx_hal_i2c.o
 .text.I2C_RequestMemoryRead
                0x000000000800be78      0x1d0 ./Drivers/STM32F4xx_HAL_Driver/Src/stm32f4xx_hal_i2c.o
 .text.I2C_DMAXferCplt
                0x000000000800c048      0x1aa ./Drivers/STM32F4xx_HAL_Driver/Src/stm32f4xx_hal_i2c.o
 .text.I2C_DMAError
                0x000000000800c1f2       0x7a ./Drivers/STM32F4xx_HAL_Driver/Src/stm32f4xx_hal_i2c.o
 .text.I2C_DMAAbort
                0x000000000800c26c      0x150 ./Drivers/STM32F4xx_HAL_Driver/Src/stm32f4xx_hal_i2c.o
 .text.I2C_WaitOnFlagUntilTimeout
                0x000000000800c3bc       0xae ./Drivers/STM32F4xx_HAL_Driver/Src/stm32f4xx_hal_i2c.o
 .text.I2C_WaitOnMasterAddressFlagUntilTimeout
                0x000000000800c46a       0xfe ./Drivers/STM32F4xx_HAL_Driver/Src/stm32f4xx_hal_i2c.o
 .text.I2C_WaitOnTXEFlagUntilTimeout
                0x000000000800c568       0x82 ./Drivers/STM32F4xx_HAL_Driver/Src/stm32f4xx_hal_i2c.o
 .text.I2C_WaitOnBTFFlagUntilTimeout
                0x000000000800c5ea       0x82 ./Drivers/STM32F4xx_HAL_Driver/Src/stm32f4xx_hal_i2c.o
 .text.I2C_WaitOnSTOPRequestThroughIT
                0x000000000800c66c       0x64 ./Drivers/STM32F4xx_HAL_Driver/Src/stm32f4xx_hal_i2c.o
 .text.I2C_WaitOnRXNEFlagUntilTimeout
                0x000000000800c6d0       0xac ./Drivers/STM32F4xx_HAL_Driver/Src/stm32f4xx_hal_i2c.o
 .text.I2C_IsAcknowledgeFailed
                0x000000000800c77c       0x5e ./Drivers/STM32F4xx_HAL_Driver/Src/stm32f4xx_hal_i2c.o
 .text.I2C_ConvertOtherXferOptions
                0x000000000800c7da       0x36 ./Drivers/STM32F4xx_HAL_Driver/Src/stm32f4xx_hal_i2c.o
 .text.HAL_RCC_OscConfig
                0x000000000800c810      0x4f0 ./Drivers/STM32F4xx_HAL_Driver/Src/stm32f4xx_hal_rcc.o
                0x000000000800c810                HAL_RCC_OscConfig
 .text.HAL_RCC_ClockConfig
                0x000000000800cd00      0x1cc ./Drivers/STM32F4xx_HAL_Driver/Src/stm32f4xx_hal_rcc.o
                0x000000000800cd00                HAL_RCC_ClockConfig
 .text.HAL_RCC_GetSysClockFreq
                0x000000000800cecc      0x20c ./Drivers/STM32F4xx_HAL_Driver/Src/stm32f4xx_hal_rcc.o
                0x000000000800cecc                HAL_RCC_GetSysClockFreq
 .text.HAL_RCC_GetHCLKFreq
                0x000000000800d0d8       0x18 ./Drivers/STM32F4xx_HAL_Driver/Src/stm32f4xx_hal_rcc.o
                0x000000000800d0d8                HAL_RCC_GetHCLKFreq
 .text.HAL_RCC_GetPCLK1Freq
                0x000000000800d0f0       0x28 ./Drivers/STM32F4xx_HAL_Driver/Src/stm32f4xx_hal_rcc.o
                0x000000000800d0f0                HAL_RCC_GetPCLK1Freq
 .text.HAL_RCC_GetPCLK2Freq
                0x000000000800d118       0x28 ./Drivers/STM32F4xx_HAL_Driver/Src/stm32f4xx_hal_rcc.o
                0x000000000800d118                HAL_RCC_GetPCLK2Freq
 .text.HAL_TIM_Base_Init
                0x000000000800d140       0x9e ./Drivers/STM32F4xx_HAL_Driver/Src/stm32f4xx_hal_tim.o
                0x000000000800d140                HAL_TIM_Base_Init
 *fill*         0x000000000800d1de        0x2 
 .text.HAL_TIM_Base_Start_IT
                0x000000000800d1e0       0xc4 ./Drivers/STM32F4xx_HAL_Driver/Src/stm32f4xx_hal_tim.o
                0x000000000800d1e0                HAL_TIM_Base_Start_IT
 .text.HAL_TIM_PWM_Init
                0x000000000800d2a4       0x9e ./Drivers/STM32F4xx_HAL_Driver/Src/stm32f4xx_hal_tim.o
                0x000000000800d2a4                HAL_TIM_PWM_Init
 .text.HAL_TIM_PWM_MspInit
                0x000000000800d342       0x14 ./Drivers/STM32F4xx_HAL_Driver/Src/stm32f4xx_hal_tim.o
                0x000000000800d342                HAL_TIM_PWM_MspInit
 *fill*         0x000000000800d356        0x2 
 .text.HAL_TIM_PWM_Start_DMA
                0x000000000800d358      0x360 ./Drivers/STM32F4xx_HAL_Driver/Src/stm32f4xx_hal_tim.o
                0x000000000800d358                HAL_TIM_PWM_Start_DMA
 .text.HAL_TIM_PWM_Stop_DMA
                0x000000000800d6b8      0x18c ./Drivers/STM32F4xx_HAL_Driver/Src/stm32f4xx_hal_tim.o
                0x000000000800d6b8                HAL_TIM_PWM_Stop_DMA
 .text.HAL_TIM_IRQHandler
                0x000000000800d844      0x210 ./Drivers/STM32F4xx_HAL_Driver/Src/stm32f4xx_hal_tim.o
                0x000000000800d844                HAL_TIM_IRQHandler
 .text.HAL_TIM_PWM_ConfigChannel
                0x000000000800da54      0x184 ./Drivers/STM32F4xx_HAL_Driver/Src/stm32f4xx_hal_tim.o
                0x000000000800da54                HAL_TIM_PWM_ConfigChannel
 .text.HAL_TIM_ConfigClockSource
                0x000000000800dbd8      0x18e ./Drivers/STM32F4xx_HAL_Driver/Src/stm32f4xx_hal_tim.o
                0x000000000800dbd8                HAL_TIM_ConfigClockSource
 .text.HAL_TIM_OC_DelayElapsedCallback
                0x000000000800dd66       0x14 ./Drivers/STM32F4xx_HAL_Driver/Src/stm32f4xx_hal_tim.o
                0x000000000800dd66                HAL_TIM_OC_DelayElapsedCallback
 .text.HAL_TIM_IC_CaptureCallback
                0x000000000800dd7a       0x14 ./Drivers/STM32F4xx_HAL_Driver/Src/stm32f4xx_hal_tim.o
                0x000000000800dd7a                HAL_TIM_IC_CaptureCallback
 .text.HAL_TIM_PWM_PulseFinishedCallback
                0x000000000800dd8e       0x14 ./Drivers/STM32F4xx_HAL_Driver/Src/stm32f4xx_hal_tim.o
                0x000000000800dd8e                HAL_TIM_PWM_PulseFinishedCallback
 .text.HAL_TIM_PWM_PulseFinishedHalfCpltCallback
                0x000000000800dda2       0x14 ./Drivers/STM32F4xx_HAL_Driver/Src/stm32f4xx_hal_tim.o
                0x000000000800dda2                HAL_TIM_PWM_PulseFinishedHalfCpltCallback
 .text.HAL_TIM_TriggerCallback
                0x000000000800ddb6       0x14 ./Drivers/STM32F4xx_HAL_Driver/Src/stm32f4xx_hal_tim.o
                0x000000000800ddb6                HAL_TIM_TriggerCallback
 .text.HAL_TIM_ErrorCallback
                0x000000000800ddca       0x14 ./Drivers/STM32F4xx_HAL_Driver/Src/stm32f4xx_hal_tim.o
                0x000000000800ddca                HAL_TIM_ErrorCallback
 .text.TIM_DMAError
                0x000000000800ddde       0x92 ./Drivers/STM32F4xx_HAL_Driver/Src/stm32f4xx_hal_tim.o
                0x000000000800ddde                TIM_DMAError
 .text.TIM_DMADelayPulseCplt
                0x000000000800de70       0xa8 ./Drivers/STM32F4xx_HAL_Driver/Src/stm32f4xx_hal_tim.o
 .text.TIM_DMADelayPulseHalfCplt
                0x000000000800df18       0x68 ./Drivers/STM32F4xx_HAL_Driver/Src/stm32f4xx_hal_tim.o
                0x000000000800df18                TIM_DMADelayPulseHalfCplt
 .text.TIM_Base_SetConfig
                0x000000000800df80      0x100 ./Drivers/STM32F4xx_HAL_Driver/Src/stm32f4xx_hal_tim.o
                0x000000000800df80                TIM_Base_SetConfig
 .text.TIM_OC1_SetConfig
                0x000000000800e080       0xcc ./Drivers/STM32F4xx_HAL_Driver/Src/stm32f4xx_hal_tim.o
 .text.TIM_OC2_SetConfig
                0x000000000800e14c       0xd8 ./Drivers/STM32F4xx_HAL_Driver/Src/stm32f4xx_hal_tim.o
                0x000000000800e14c                TIM_OC2_SetConfig
 .text.TIM_OC3_SetConfig
                0x000000000800e224       0xd4 ./Drivers/STM32F4xx_HAL_Driver/Src/stm32f4xx_hal_tim.o
 .text.TIM_OC4_SetConfig
                0x000000000800e2f8       0xa0 ./Drivers/STM32F4xx_HAL_Driver/Src/stm32f4xx_hal_tim.o
 .text.TIM_TI1_ConfigInputStage
                0x000000000800e398       0x5e ./Drivers/STM32F4xx_HAL_Driver/Src/stm32f4xx_hal_tim.o
 .text.TIM_TI2_ConfigInputStage
                0x000000000800e3f6       0x60 ./Drivers/STM32F4xx_HAL_Driver/Src/stm32f4xx_hal_tim.o
 .text.TIM_ITRx_SetConfig
                0x000000000800e456       0x36 ./Drivers/STM32F4xx_HAL_Driver/Src/stm32f4xx_hal_tim.o
 .text.TIM_ETR_SetConfig
                0x000000000800e48c       0x40 ./Drivers/STM32F4xx_HAL_Driver/Src/stm32f4xx_hal_tim.o
                0x000000000800e48c                TIM_ETR_SetConfig
 .text.TIM_CCxChannelCmd
                0x000000000800e4cc       0x4a ./Drivers/STM32F4xx_HAL_Driver/Src/stm32f4xx_hal_tim.o
                0x000000000800e4cc                TIM_CCxChannelCmd
 *fill*         0x000000000800e516        0x2 
 .text.HAL_TIMEx_MasterConfigSynchronization
                0x000000000800e518       0xdc ./Drivers/STM32F4xx_HAL_Driver/Src/stm32f4xx_hal_tim_ex.o
                0x000000000800e518                HAL_TIMEx_MasterConfigSynchronization
 .text.HAL_TIMEx_ConfigBreakDeadTime
                0x000000000800e5f4       0xa4 ./Drivers/STM32F4xx_HAL_Driver/Src/stm32f4xx_hal_tim_ex.o
                0x000000000800e5f4                HAL_TIMEx_ConfigBreakDeadTime
 .text.HAL_TIMEx_CommutCallback
                0x000000000800e698       0x14 ./Drivers/STM32F4xx_HAL_Driver/Src/stm32f4xx_hal_tim_ex.o
                0x000000000800e698                HAL_TIMEx_CommutCallback
 .text.HAL_TIMEx_BreakCallback
                0x000000000800e6ac       0x14 ./Drivers/STM32F4xx_HAL_Driver/Src/stm32f4xx_hal_tim_ex.o
                0x000000000800e6ac                HAL_TIMEx_BreakCallback
 .text.HAL_UART_Init
                0x000000000800e6c0       0x9a ./Drivers/STM32F4xx_HAL_Driver/Src/stm32f4xx_hal_uart.o
                0x000000000800e6c0                HAL_UART_Init
 .text.HAL_UART_Receive_DMA
                0x000000000800e75a       0x60 ./Drivers/STM32F4xx_HAL_Driver/Src/stm32f4xx_hal_uart.o
                0x000000000800e75a                HAL_UART_Receive_DMA
 .text.HAL_UART_DMAStop
                0x000000000800e7ba       0xfe ./Drivers/STM32F4xx_HAL_Driver/Src/stm32f4xx_hal_uart.o
                0x000000000800e7ba                HAL_UART_DMAStop
 .text.HAL_UART_IRQHandler
                0x000000000800e8b8      0x51c ./Drivers/STM32F4xx_HAL_Driver/Src/stm32f4xx_hal_uart.o
                0x000000000800e8b8                HAL_UART_IRQHandler
 .text.HAL_UART_TxCpltCallback
                0x000000000800edd4       0x14 ./Drivers/STM32F4xx_HAL_Driver/Src/stm32f4xx_hal_uart.o
                0x000000000800edd4                HAL_UART_TxCpltCallback
 .text.HAL_UART_RxCpltCallback
                0x000000000800ede8       0x14 ./Drivers/STM32F4xx_HAL_Driver/Src/stm32f4xx_hal_uart.o
                0x000000000800ede8                HAL_UART_RxCpltCallback
 .text.HAL_UART_RxHalfCpltCallback
                0x000000000800edfc       0x14 ./Drivers/STM32F4xx_HAL_Driver/Src/stm32f4xx_hal_uart.o
                0x000000000800edfc                HAL_UART_RxHalfCpltCallback
 .text.HAL_UART_ErrorCallback
                0x000000000800ee10       0x14 ./Drivers/STM32F4xx_HAL_Driver/Src/stm32f4xx_hal_uart.o
                0x000000000800ee10                HAL_UART_ErrorCallback
 .text.HAL_UARTEx_RxEventCallback
                0x000000000800ee24       0x18 ./Drivers/STM32F4xx_HAL_Driver/Src/stm32f4xx_hal_uart.o
                0x000000000800ee24                HAL_UARTEx_RxEventCallback
 .text.UART_DMAReceiveCplt
                0x000000000800ee3c      0x126 ./Drivers/STM32F4xx_HAL_Driver/Src/stm32f4xx_hal_uart.o
 .text.UART_DMARxHalfCplt
                0x000000000800ef62       0x36 ./Drivers/STM32F4xx_HAL_Driver/Src/stm32f4xx_hal_uart.o
 .text.UART_DMAError
                0x000000000800ef98       0x94 ./Drivers/STM32F4xx_HAL_Driver/Src/stm32f4xx_hal_uart.o
 .text.UART_Start_Receive_DMA
                0x000000000800f02c      0x13c ./Drivers/STM32F4xx_HAL_Driver/Src/stm32f4xx_hal_uart.o
                0x000000000800f02c                UART_Start_Receive_DMA
 .text.UART_EndTxTransfer
                0x000000000800f168       0x50 ./Drivers/STM32F4xx_HAL_Driver/Src/stm32f4xx_hal_uart.o
 .text.UART_EndRxTransfer
                0x000000000800f1b8       0xc6 ./Drivers/STM32F4xx_HAL_Driver/Src/stm32f4xx_hal_uart.o
 .text.UART_DMAAbortOnError
                0x000000000800f27e       0x28 ./Drivers/STM32F4xx_HAL_Driver/Src/stm32f4xx_hal_uart.o
 .text.UART_Transmit_IT
                0x000000000800f2a6       0xa0 ./Drivers/STM32F4xx_HAL_Driver/Src/stm32f4xx_hal_uart.o
 .text.UART_EndTransmit_IT
                0x000000000800f346       0x30 ./Drivers/STM32F4xx_HAL_Driver/Src/stm32f4xx_hal_uart.o
 .text.UART_Receive_IT
                0x000000000800f376      0x176 ./Drivers/STM32F4xx_HAL_Driver/Src/stm32f4xx_hal_uart.o
 .text.UART_SetConfig
                0x000000000800f4ec      0x4e8 ./Drivers/STM32F4xx_HAL_Driver/Src/stm32f4xx_hal_uart.o
 .text.arm_rfft_fast_init_f32
                0x000000000800f9d4      0x104 D:\workspace_1.10.1\Controller_M\Drivers\CMSIS\Lib\GCC\libarm_cortexM4lf_math.a(arm_rfft_fast_init_f32.o)
                0x000000000800f9d4                arm_rfft_fast_init_f32
 .text.arm_rfft_fast_f32
                0x000000000800fad8      0x188 D:\workspace_1.10.1\Controller_M\Drivers\CMSIS\Lib\GCC\libarm_cortexM4lf_math.a(arm_rfft_fast_f32.o)
                0x000000000800fad8                arm_rfft_fast_f32
 .text.arm_cfft_radix8by2_f32
                0x000000000800fc60      0x1a0 D:\workspace_1.10.1\Controller_M\Drivers\CMSIS\Lib\GCC\libarm_cortexM4lf_math.a(arm_cfft_f32.o)
                0x000000000800fc60                arm_cfft_radix8by2_f32
 .text.arm_cfft_radix8by4_f32
                0x000000000800fe00      0x4bc D:\workspace_1.10.1\Controller_M\Drivers\CMSIS\Lib\GCC\libarm_cortexM4lf_math.a(arm_cfft_f32.o)
                0x000000000800fe00                arm_cfft_radix8by4_f32
 .text.arm_cfft_f32
                0x00000000080102bc       0xf4 D:\workspace_1.10.1\Controller_M\Drivers\CMSIS\Lib\GCC\libarm_cortexM4lf_math.a(arm_cfft_f32.o)
                0x00000000080102bc                arm_cfft_f32
 .text.arm_biquad_cascade_df2T_f32
                0x00000000080103b0      0x15c D:\workspace_1.10.1\Controller_M\Drivers\CMSIS\Lib\GCC\libarm_cortexM4lf_math.a(arm_biquad_cascade_df2t_f32.o)
                0x00000000080103b0                arm_biquad_cascade_df2T_f32
 .text.arm_biquad_cascade_df2T_init_f32
                0x000000000801050c       0x18 D:\workspace_1.10.1\Controller_M\Drivers\CMSIS\Lib\GCC\libarm_cortexM4lf_math.a(arm_biquad_cascade_df2t_init_f32.o)
                0x000000000801050c                arm_biquad_cascade_df2T_init_f32
 .text.arm_cmplx_mag_f32
                0x0000000008010524      0x1d0 D:\workspace_1.10.1\Controller_M\Drivers\CMSIS\Lib\GCC\libarm_cortexM4lf_math.a(arm_cmplx_mag_f32.o)
                0x0000000008010524                arm_cmplx_mag_f32
 .text.arm_cos_f32
                0x00000000080106f4       0x80 D:\workspace_1.10.1\Controller_M\Drivers\CMSIS\Lib\GCC\libarm_cortexM4lf_math.a(arm_cos_f32.o)
                0x00000000080106f4                arm_cos_f32
 .text.arm_radix8_butterfly_f32
                0x0000000008010774      0x5e4 D:\workspace_1.10.1\Controller_M\Drivers\CMSIS\Lib\GCC\libarm_cortexM4lf_math.a(arm_cfft_radix8_f32.o)
                0x0000000008010774                arm_radix8_butterfly_f32
 .text.__errno  0x0000000008010d58        0xc d:/st/stm32cubeide_1.10.1/stm32cubeide/plugins/com.st.stm32cube.ide.mcu.externaltools.gnu-tools-for-stm32.10.3-2021.10.win32_1.0.0.202111181127/tools/bin/../lib/gcc/arm-none-eabi/10.3.1/../../../../arm-none-eabi/lib/thumb/v7e-m+fp/hard\libc_nano.a(lib_a-errno.o)
                0x0000000008010d58                __errno
 .text.__libc_init_array
                0x0000000008010d64       0x48 d:/st/stm32cubeide_1.10.1/stm32cubeide/plugins/com.st.stm32cube.ide.mcu.externaltools.gnu-tools-for-stm32.10.3-2021.10.win32_1.0.0.202111181127/tools/bin/../lib/gcc/arm-none-eabi/10.3.1/../../../../arm-none-eabi/lib/thumb/v7e-m+fp/hard\libc_nano.a(lib_a-init.o)
                0x0000000008010d64                __libc_init_array
 .text.memcmp   0x0000000008010dac       0x20 d:/st/stm32cubeide_1.10.1/stm32cubeide/plugins/com.st.stm32cube.ide.mcu.externaltools.gnu-tools-for-stm32.10.3-2021.10.win32_1.0.0.202111181127/tools/bin/../lib/gcc/arm-none-eabi/10.3.1/../../../../arm-none-eabi/lib/thumb/v7e-m+fp/hard\libc_nano.a(lib_a-memcmp.o)
                0x0000000008010dac                memcmp
 .text.memcpy   0x0000000008010dcc       0x1c d:/st/stm32cubeide_1.10.1/stm32cubeide/plugins/com.st.stm32cube.ide.mcu.externaltools.gnu-tools-for-stm32.10.3-2021.10.win32_1.0.0.202111181127/tools/bin/../lib/gcc/arm-none-eabi/10.3.1/../../../../arm-none-eabi/lib/thumb/v7e-m+fp/hard\libc_nano.a(lib_a-memcpy-stub.o)
                0x0000000008010dcc                memcpy
 .text.memset   0x0000000008010de8       0x10 d:/st/stm32cubeide_1.10.1/stm32cubeide/plugins/com.st.stm32cube.ide.mcu.externaltools.gnu-tools-for-stm32.10.3-2021.10.win32_1.0.0.202111181127/tools/bin/../lib/gcc/arm-none-eabi/10.3.1/../../../../arm-none-eabi/lib/thumb/v7e-m+fp/hard\libc_nano.a(lib_a-memset.o)
                0x0000000008010de8                memset
 .text.__cvt    0x0000000008010df8       0xc4 d:/st/stm32cubeide_1.10.1/stm32cubeide/plugins/com.st.stm32cube.ide.mcu.externaltools.gnu-tools-for-stm32.10.3-2021.10.win32_1.0.0.202111181127/tools/bin/../lib/gcc/arm-none-eabi/10.3.1/../../../../arm-none-eabi/lib/thumb/v7e-m+fp/hard\libc_nano.a(lib_a-nano-vfprintf_float.o)
                0x0000000008010df8                __cvt
 .text.__exponent
                0x0000000008010ebc       0x7c d:/st/stm32cubeide_1.10.1/stm32cubeide/plugins/com.st.stm32cube.ide.mcu.externaltools.gnu-tools-for-stm32.10.3-2021.10.win32_1.0.0.202111181127/tools/bin/../lib/gcc/arm-none-eabi/10.3.1/../../../../arm-none-eabi/lib/thumb/v7e-m+fp/hard\libc_nano.a(lib_a-nano-vfprintf_float.o)
                0x0000000008010ebc                __exponent
 .text._printf_float
                0x0000000008010f38      0x46c d:/st/stm32cubeide_1.10.1/stm32cubeide/plugins/com.st.stm32cube.ide.mcu.externaltools.gnu-tools-for-stm32.10.3-2021.10.win32_1.0.0.202111181127/tools/bin/../lib/gcc/arm-none-eabi/10.3.1/../../../../arm-none-eabi/lib/thumb/v7e-m+fp/hard\libc_nano.a(lib_a-nano-vfprintf_float.o)
                0x0000000008010f38                _printf_float
 .text._printf_common
                0x00000000080113a4       0xda d:/st/stm32cubeide_1.10.1/stm32cubeide/plugins/com.st.stm32cube.ide.mcu.externaltools.gnu-tools-for-stm32.10.3-2021.10.win32_1.0.0.202111181127/tools/bin/../lib/gcc/arm-none-eabi/10.3.1/../../../../arm-none-eabi/lib/thumb/v7e-m+fp/hard\libc_nano.a(lib_a-nano-vfprintf_i.o)
                0x00000000080113a4                _printf_common
 *fill*         0x000000000801147e        0x2 
 .text._printf_i
                0x0000000008011480      0x24c d:/st/stm32cubeide_1.10.1/stm32cubeide/plugins/com.st.stm32cube.ide.mcu.externaltools.gnu-tools-for-stm32.10.3-2021.10.win32_1.0.0.202111181127/tools/bin/../lib/gcc/arm-none-eabi/10.3.1/../../../../arm-none-eabi/lib/thumb/v7e-m+fp/hard\libc_nano.a(lib_a-nano-vfprintf_i.o)
                0x0000000008011480                _printf_i
 .text.quorem   0x00000000080116cc      0x116 d:/st/stm32cubeide_1.10.1/stm32cubeide/plugins/com.st.stm32cube.ide.mcu.externaltools.gnu-tools-for-stm32.10.3-2021.10.win32_1.0.0.202111181127/tools/bin/../lib/gcc/arm-none-eabi/10.3.1/../../../../arm-none-eabi/lib/thumb/v7e-m+fp/hard\libc_nano.a(lib_a-dtoa.o)
 *fill*         0x00000000080117e2        0x6 
 .text._dtoa_r  0x00000000080117e8      0xbdc d:/st/stm32cubeide_1.10.1/stm32cubeide/plugins/com.st.stm32cube.ide.mcu.externaltools.gnu-tools-for-stm32.10.3-2021.10.win32_1.0.0.202111181127/tools/bin/../lib/gcc/arm-none-eabi/10.3.1/../../../../arm-none-eabi/lib/thumb/v7e-m+fp/hard\libc_nano.a(lib_a-dtoa.o)
                0x00000000080117e8                _dtoa_r
 .text._localeconv_r
                0x00000000080123c4        0x8 d:/st/stm32cubeide_1.10.1/stm32cubeide/plugins/com.st.stm32cube.ide.mcu.externaltools.gnu-tools-for-stm32.10.3-2021.10.win32_1.0.0.202111181127/tools/bin/../lib/gcc/arm-none-eabi/10.3.1/../../../../arm-none-eabi/lib/thumb/v7e-m+fp/hard\libc_nano.a(lib_a-localeconv.o)
                0x00000000080123c4                _localeconv_r
 .text.malloc   0x00000000080123cc       0x10 d:/st/stm32cubeide_1.10.1/stm32cubeide/plugins/com.st.stm32cube.ide.mcu.externaltools.gnu-tools-for-stm32.10.3-2021.10.win32_1.0.0.202111181127/tools/bin/../lib/gcc/arm-none-eabi/10.3.1/../../../../arm-none-eabi/lib/thumb/v7e-m+fp/hard\libc_nano.a(lib_a-malloc.o)
                0x00000000080123cc                malloc
 .text._Balloc  0x00000000080123dc       0x80 d:/st/stm32cubeide_1.10.1/stm32cubeide/plugins/com.st.stm32cube.ide.mcu.externaltools.gnu-tools-for-stm32.10.3-2021.10.win32_1.0.0.202111181127/tools/bin/../lib/gcc/arm-none-eabi/10.3.1/../../../../arm-none-eabi/lib/thumb/v7e-m+fp/hard\libc_nano.a(lib_a-mprec.o)
                0x00000000080123dc                _Balloc
 .text._Bfree   0x000000000801245c       0x44 d:/st/stm32cubeide_1.10.1/stm32cubeide/plugins/com.st.stm32cube.ide.mcu.externaltools.gnu-tools-for-stm32.10.3-2021.10.win32_1.0.0.202111181127/tools/bin/../lib/gcc/arm-none-eabi/10.3.1/../../../../arm-none-eabi/lib/thumb/v7e-m+fp/hard\libc_nano.a(lib_a-mprec.o)
                0x000000000801245c                _Bfree
 .text.__multadd
                0x00000000080124a0       0x8c d:/st/stm32cubeide_1.10.1/stm32cubeide/plugins/com.st.stm32cube.ide.mcu.externaltools.gnu-tools-for-stm32.10.3-2021.10.win32_1.0.0.202111181127/tools/bin/../lib/gcc/arm-none-eabi/10.3.1/../../../../arm-none-eabi/lib/thumb/v7e-m+fp/hard\libc_nano.a(lib_a-mprec.o)
                0x00000000080124a0                __multadd
 .text.__hi0bits
                0x000000000801252c       0x40 d:/st/stm32cubeide_1.10.1/stm32cubeide/plugins/com.st.stm32cube.ide.mcu.externaltools.gnu-tools-for-stm32.10.3-2021.10.win32_1.0.0.202111181127/tools/bin/../lib/gcc/arm-none-eabi/10.3.1/../../../../arm-none-eabi/lib/thumb/v7e-m+fp/hard\libc_nano.a(lib_a-mprec.o)
                0x000000000801252c                __hi0bits
 .text.__lo0bits
                0x000000000801256c       0x5e d:/st/stm32cubeide_1.10.1/stm32cubeide/plugins/com.st.stm32cube.ide.mcu.externaltools.gnu-tools-for-stm32.10.3-2021.10.win32_1.0.0.202111181127/tools/bin/../lib/gcc/arm-none-eabi/10.3.1/../../../../arm-none-eabi/lib/thumb/v7e-m+fp/hard\libc_nano.a(lib_a-mprec.o)
                0x000000000801256c                __lo0bits
 *fill*         0x00000000080125ca        0x2 
 .text.__i2b    0x00000000080125cc       0x2c d:/st/stm32cubeide_1.10.1/stm32cubeide/plugins/com.st.stm32cube.ide.mcu.externaltools.gnu-tools-for-stm32.10.3-2021.10.win32_1.0.0.202111181127/tools/bin/../lib/gcc/arm-none-eabi/10.3.1/../../../../arm-none-eabi/lib/thumb/v7e-m+fp/hard\libc_nano.a(lib_a-mprec.o)
                0x00000000080125cc                __i2b
 .text.__multiply
                0x00000000080125f8      0x154 d:/st/stm32cubeide_1.10.1/stm32cubeide/plugins/com.st.stm32cube.ide.mcu.externaltools.gnu-tools-for-stm32.10.3-2021.10.win32_1.0.0.202111181127/tools/bin/../lib/gcc/arm-none-eabi/10.3.1/../../../../arm-none-eabi/lib/thumb/v7e-m+fp/hard\libc_nano.a(lib_a-mprec.o)
                0x00000000080125f8                __multiply
 .text.__pow5mult
                0x000000000801274c       0xb4 d:/st/stm32cubeide_1.10.1/stm32cubeide/plugins/com.st.stm32cube.ide.mcu.externaltools.gnu-tools-for-stm32.10.3-2021.10.win32_1.0.0.202111181127/tools/bin/../lib/gcc/arm-none-eabi/10.3.1/../../../../arm-none-eabi/lib/thumb/v7e-m+fp/hard\libc_nano.a(lib_a-mprec.o)
                0x000000000801274c                __pow5mult
 .text.__lshift
                0x0000000008012800       0xe0 d:/st/stm32cubeide_1.10.1/stm32cubeide/plugins/com.st.stm32cube.ide.mcu.externaltools.gnu-tools-for-stm32.10.3-2021.10.win32_1.0.0.202111181127/tools/bin/../lib/gcc/arm-none-eabi/10.3.1/../../../../arm-none-eabi/lib/thumb/v7e-m+fp/hard\libc_nano.a(lib_a-mprec.o)
                0x0000000008012800                __lshift
 .text.__mcmp   0x00000000080128e0       0x38 d:/st/stm32cubeide_1.10.1/stm32cubeide/plugins/com.st.stm32cube.ide.mcu.externaltools.gnu-tools-for-stm32.10.3-2021.10.win32_1.0.0.202111181127/tools/bin/../lib/gcc/arm-none-eabi/10.3.1/../../../../arm-none-eabi/lib/thumb/v7e-m+fp/hard\libc_nano.a(lib_a-mprec.o)
                0x00000000080128e0                __mcmp
 .text.__mdiff  0x0000000008012918      0x114 d:/st/stm32cubeide_1.10.1/stm32cubeide/plugins/com.st.stm32cube.ide.mcu.externaltools.gnu-tools-for-stm32.10.3-2021.10.win32_1.0.0.202111181127/tools/bin/../lib/gcc/arm-none-eabi/10.3.1/../../../../arm-none-eabi/lib/thumb/v7e-m+fp/hard\libc_nano.a(lib_a-mprec.o)
                0x0000000008012918                __mdiff
 .text.__d2b    0x0000000008012a2c       0xb8 d:/st/stm32cubeide_1.10.1/stm32cubeide/plugins/com.st.stm32cube.ide.mcu.externaltools.gnu-tools-for-stm32.10.3-2021.10.win32_1.0.0.202111181127/tools/bin/../lib/gcc/arm-none-eabi/10.3.1/../../../../arm-none-eabi/lib/thumb/v7e-m+fp/hard\libc_nano.a(lib_a-mprec.o)
                0x0000000008012a2c                __d2b
 .text._calloc_r
                0x0000000008012ae4       0x2c d:/st/stm32cubeide_1.10.1/stm32cubeide/plugins/com.st.stm32cube.ide.mcu.externaltools.gnu-tools-for-stm32.10.3-2021.10.win32_1.0.0.202111181127/tools/bin/../lib/gcc/arm-none-eabi/10.3.1/../../../../arm-none-eabi/lib/thumb/v7e-m+fp/hard\libc_nano.a(lib_a-nano-callocr.o)
                0x0000000008012ae4                _calloc_r
 .text._free_r  0x0000000008012b10       0x98 d:/st/stm32cubeide_1.10.1/stm32cubeide/plugins/com.st.stm32cube.ide.mcu.externaltools.gnu-tools-for-stm32.10.3-2021.10.win32_1.0.0.202111181127/tools/bin/../lib/gcc/arm-none-eabi/10.3.1/../../../../arm-none-eabi/lib/thumb/v7e-m+fp/hard\libc_nano.a(lib_a-nano-freer.o)
                0x0000000008012b10                _free_r
 .text.sbrk_aligned
                0x0000000008012ba8       0x40 d:/st/stm32cubeide_1.10.1/stm32cubeide/plugins/com.st.stm32cube.ide.mcu.externaltools.gnu-tools-for-stm32.10.3-2021.10.win32_1.0.0.202111181127/tools/bin/../lib/gcc/arm-none-eabi/10.3.1/../../../../arm-none-eabi/lib/thumb/v7e-m+fp/hard\libc_nano.a(lib_a-nano-mallocr.o)
 .text._malloc_r
                0x0000000008012be8       0xe8 d:/st/stm32cubeide_1.10.1/stm32cubeide/plugins/com.st.stm32cube.ide.mcu.externaltools.gnu-tools-for-stm32.10.3-2021.10.win32_1.0.0.202111181127/tools/bin/../lib/gcc/arm-none-eabi/10.3.1/../../../../arm-none-eabi/lib/thumb/v7e-m+fp/hard\libc_nano.a(lib_a-nano-mallocr.o)
                0x0000000008012be8                _malloc_r
 .text._sbrk_r  0x0000000008012cd0       0x20 d:/st/stm32cubeide_1.10.1/stm32cubeide/plugins/com.st.stm32cube.ide.mcu.externaltools.gnu-tools-for-stm32.10.3-2021.10.win32_1.0.0.202111181127/tools/bin/../lib/gcc/arm-none-eabi/10.3.1/../../../../arm-none-eabi/lib/thumb/v7e-m+fp/hard\libc_nano.a(lib_a-sbrkr.o)
                0x0000000008012cd0                _sbrk_r
 .text.__assert_func
                0x0000000008012cf0       0x3c d:/st/stm32cubeide_1.10.1/stm32cubeide/plugins/com.st.stm32cube.ide.mcu.externaltools.gnu-tools-for-stm32.10.3-2021.10.win32_1.0.0.202111181127/tools/bin/../lib/gcc/arm-none-eabi/10.3.1/../../../../arm-none-eabi/lib/thumb/v7e-m+fp/hard\libc_nano.a(lib_a-assert.o)
                0x0000000008012cf0                __assert_func
 .text.fprintf  0x0000000008012d2c       0x24 d:/st/stm32cubeide_1.10.1/stm32cubeide/plugins/com.st.stm32cube.ide.mcu.externaltools.gnu-tools-for-stm32.10.3-2021.10.win32_1.0.0.202111181127/tools/bin/../lib/gcc/arm-none-eabi/10.3.1/../../../../arm-none-eabi/lib/thumb/v7e-m+fp/hard\libc_nano.a(lib_a-fprintf.o)
                0x0000000008012d2c                fiprintf
                0x0000000008012d2c                fprintf
 .text.__ascii_mbtowc
                0x0000000008012d50       0x24 d:/st/stm32cubeide_1.10.1/stm32cubeide/plugins/com.st.stm32cube.ide.mcu.externaltools.gnu-tools-for-stm32.10.3-2021.10.win32_1.0.0.202111181127/tools/bin/../lib/gcc/arm-none-eabi/10.3.1/../../../../arm-none-eabi/lib/thumb/v7e-m+fp/hard\libc_nano.a(lib_a-mbtowc_r.o)
                0x0000000008012d50                __ascii_mbtowc
 .text.__malloc_lock
                0x0000000008012d74        0xc d:/st/stm32cubeide_1.10.1/stm32cubeide/plugins/com.st.stm32cube.ide.mcu.externaltools.gnu-tools-for-stm32.10.3-2021.10.win32_1.0.0.202111181127/tools/bin/../lib/gcc/arm-none-eabi/10.3.1/../../../../arm-none-eabi/lib/thumb/v7e-m+fp/hard\libc_nano.a(lib_a-mlock.o)
                0x0000000008012d74                __malloc_lock
 .text.__malloc_unlock
                0x0000000008012d80        0xc d:/st/stm32cubeide_1.10.1/stm32cubeide/plugins/com.st.stm32cube.ide.mcu.externaltools.gnu-tools-for-stm32.10.3-2021.10.win32_1.0.0.202111181127/tools/bin/../lib/gcc/arm-none-eabi/10.3.1/../../../../arm-none-eabi/lib/thumb/v7e-m+fp/hard\libc_nano.a(lib_a-mlock.o)
                0x0000000008012d80                __malloc_unlock
 .text.__sfputc_r
                0x0000000008012d8c       0x2e d:/st/stm32cubeide_1.10.1/stm32cubeide/plugins/com.st.stm32cube.ide.mcu.externaltools.gnu-tools-for-stm32.10.3-2021.10.win32_1.0.0.202111181127/tools/bin/../lib/gcc/arm-none-eabi/10.3.1/../../../../arm-none-eabi/lib/thumb/v7e-m+fp/hard\libc_nano.a(lib_a-nano-vfprintf.o)
 .text.__sfputs_r
                0x0000000008012dba       0x24 d:/st/stm32cubeide_1.10.1/stm32cubeide/plugins/com.st.stm32cube.ide.mcu.externaltools.gnu-tools-for-stm32.10.3-2021.10.win32_1.0.0.202111181127/tools/bin/../lib/gcc/arm-none-eabi/10.3.1/../../../../arm-none-eabi/lib/thumb/v7e-m+fp/hard\libc_nano.a(lib_a-nano-vfprintf.o)
                0x0000000008012dba                __sfputs_r
 *fill*         0x0000000008012dde        0x2 
 .text._vfprintf_r
                0x0000000008012de0      0x260 d:/st/stm32cubeide_1.10.1/stm32cubeide/plugins/com.st.stm32cube.ide.mcu.externaltools.gnu-tools-for-stm32.10.3-2021.10.win32_1.0.0.202111181127/tools/bin/../lib/gcc/arm-none-eabi/10.3.1/../../../../arm-none-eabi/lib/thumb/v7e-m+fp/hard\libc_nano.a(lib_a-nano-vfprintf.o)
                0x0000000008012de0                _vfprintf_r
                0x0000000008012de0                _vfiprintf_r
 .text.__swbuf_r
                0x0000000008013040       0xa4 d:/st/stm32cubeide_1.10.1/stm32cubeide/plugins/com.st.stm32cube.ide.mcu.externaltools.gnu-tools-for-stm32.10.3-2021.10.win32_1.0.0.202111181127/tools/bin/../lib/gcc/arm-none-eabi/10.3.1/../../../../arm-none-eabi/lib/thumb/v7e-m+fp/hard\libc_nano.a(lib_a-wbuf.o)
                0x0000000008013040                __swbuf_r
 .text.__ascii_wctomb
                0x00000000080130e4       0x1a d:/st/stm32cubeide_1.10.1/stm32cubeide/plugins/com.st.stm32cube.ide.mcu.externaltools.gnu-tools-for-stm32.10.3-2021.10.win32_1.0.0.202111181127/tools/bin/../lib/gcc/arm-none-eabi/10.3.1/../../../../arm-none-eabi/lib/thumb/v7e-m+fp/hard\libc_nano.a(lib_a-wctomb_r.o)
                0x00000000080130e4                __ascii_wctomb
 *fill*         0x00000000080130fe        0x2 
 .text.__swsetup_r
                0x0000000008013100       0xdc d:/st/stm32cubeide_1.10.1/stm32cubeide/plugins/com.st.stm32cube.ide.mcu.externaltools.gnu-tools-for-stm32.10.3-2021.10.win32_1.0.0.202111181127/tools/bin/../lib/gcc/arm-none-eabi/10.3.1/../../../../arm-none-eabi/lib/thumb/v7e-m+fp/hard\libc_nano.a(lib_a-wsetup.o)
                0x0000000008013100                __swsetup_r
 .text.abort    0x00000000080131dc        0xe d:/st/stm32cubeide_1.10.1/stm32cubeide/plugins/com.st.stm32cube.ide.mcu.externaltools.gnu-tools-for-stm32.10.3-2021.10.win32_1.0.0.202111181127/tools/bin/../lib/gcc/arm-none-eabi/10.3.1/../../../../arm-none-eabi/lib/thumb/v7e-m+fp/hard\libc_nano.a(lib_a-abort.o)
                0x00000000080131dc                abort
 *fill*         0x00000000080131ea        0x2 
 .text.__sflush_r
                0x00000000080131ec      0x10c d:/st/stm32cubeide_1.10.1/stm32cubeide/plugins/com.st.stm32cube.ide.mcu.externaltools.gnu-tools-for-stm32.10.3-2021.10.win32_1.0.0.202111181127/tools/bin/../lib/gcc/arm-none-eabi/10.3.1/../../../../arm-none-eabi/lib/thumb/v7e-m+fp/hard\libc_nano.a(lib_a-fflush.o)
                0x00000000080131ec                __sflush_r
 .text._fflush_r
                0x00000000080132f8       0x78 d:/st/stm32cubeide_1.10.1/stm32cubeide/plugins/com.st.stm32cube.ide.mcu.externaltools.gnu-tools-for-stm32.10.3-2021.10.win32_1.0.0.202111181127/tools/bin/../lib/gcc/arm-none-eabi/10.3.1/../../../../arm-none-eabi/lib/thumb/v7e-m+fp/hard\libc_nano.a(lib_a-fflush.o)
                0x00000000080132f8                _fflush_r
 .text.std      0x0000000008013370       0x48 d:/st/stm32cubeide_1.10.1/stm32cubeide/plugins/com.st.stm32cube.ide.mcu.externaltools.gnu-tools-for-stm32.10.3-2021.10.win32_1.0.0.202111181127/tools/bin/../lib/gcc/arm-none-eabi/10.3.1/../../../../arm-none-eabi/lib/thumb/v7e-m+fp/hard\libc_nano.a(lib_a-findfp.o)
 .text._cleanup_r
                0x00000000080133b8        0xc d:/st/stm32cubeide_1.10.1/stm32cubeide/plugins/com.st.stm32cube.ide.mcu.externaltools.gnu-tools-for-stm32.10.3-2021.10.win32_1.0.0.202111181127/tools/bin/../lib/gcc/arm-none-eabi/10.3.1/../../../../arm-none-eabi/lib/thumb/v7e-m+fp/hard\libc_nano.a(lib_a-findfp.o)
                0x00000000080133b8                _cleanup_r
 .text.__sfmoreglue
                0x00000000080133c4       0x2c d:/st/stm32cubeide_1.10.1/stm32cubeide/plugins/com.st.stm32cube.ide.mcu.externaltools.gnu-tools-for-stm32.10.3-2021.10.win32_1.0.0.202111181127/tools/bin/../lib/gcc/arm-none-eabi/10.3.1/../../../../arm-none-eabi/lib/thumb/v7e-m+fp/hard\libc_nano.a(lib_a-findfp.o)
                0x00000000080133c4                __sfmoreglue
 .text.__sfp_lock_acquire
                0x00000000080133f0        0xc d:/st/stm32cubeide_1.10.1/stm32cubeide/plugins/com.st.stm32cube.ide.mcu.externaltools.gnu-tools-for-stm32.10.3-2021.10.win32_1.0.0.202111181127/tools/bin/../lib/gcc/arm-none-eabi/10.3.1/../../../../arm-none-eabi/lib/thumb/v7e-m+fp/hard\libc_nano.a(lib_a-findfp.o)
                0x00000000080133f0                __sfp_lock_acquire
 .text.__sfp_lock_release
                0x00000000080133fc        0xc d:/st/stm32cubeide_1.10.1/stm32cubeide/plugins/com.st.stm32cube.ide.mcu.externaltools.gnu-tools-for-stm32.10.3-2021.10.win32_1.0.0.202111181127/tools/bin/../lib/gcc/arm-none-eabi/10.3.1/../../../../arm-none-eabi/lib/thumb/v7e-m+fp/hard\libc_nano.a(lib_a-findfp.o)
                0x00000000080133fc                __sfp_lock_release
 .text.__sinit_lock_acquire
                0x0000000008013408        0xc d:/st/stm32cubeide_1.10.1/stm32cubeide/plugins/com.st.stm32cube.ide.mcu.externaltools.gnu-tools-for-stm32.10.3-2021.10.win32_1.0.0.202111181127/tools/bin/../lib/gcc/arm-none-eabi/10.3.1/../../../../arm-none-eabi/lib/thumb/v7e-m+fp/hard\libc_nano.a(lib_a-findfp.o)
                0x0000000008013408                __sinit_lock_acquire
 .text.__sinit_lock_release
                0x0000000008013414        0xc d:/st/stm32cubeide_1.10.1/stm32cubeide/plugins/com.st.stm32cube.ide.mcu.externaltools.gnu-tools-for-stm32.10.3-2021.10.win32_1.0.0.202111181127/tools/bin/../lib/gcc/arm-none-eabi/10.3.1/../../../../arm-none-eabi/lib/thumb/v7e-m+fp/hard\libc_nano.a(lib_a-findfp.o)
                0x0000000008013414                __sinit_lock_release
 .text.__sinit  0x0000000008013420       0x70 d:/st/stm32cubeide_1.10.1/stm32cubeide/plugins/com.st.stm32cube.ide.mcu.externaltools.gnu-tools-for-stm32.10.3-2021.10.win32_1.0.0.202111181127/tools/bin/../lib/gcc/arm-none-eabi/10.3.1/../../../../arm-none-eabi/lib/thumb/v7e-m+fp/hard\libc_nano.a(lib_a-findfp.o)
                0x0000000008013420                __sinit
 .text.__sfp    0x0000000008013490       0x8c d:/st/stm32cubeide_1.10.1/stm32cubeide/plugins/com.st.stm32cube.ide.mcu.externaltools.gnu-tools-for-stm32.10.3-2021.10.win32_1.0.0.202111181127/tools/bin/../lib/gcc/arm-none-eabi/10.3.1/../../../../arm-none-eabi/lib/thumb/v7e-m+fp/hard\libc_nano.a(lib_a-findfp.o)
                0x0000000008013490                __sfp
 .text._fwalk_reent
                0x000000000801351c       0x3e d:/st/stm32cubeide_1.10.1/stm32cubeide/plugins/com.st.stm32cube.ide.mcu.externaltools.gnu-tools-for-stm32.10.3-2021.10.win32_1.0.0.202111181127/tools/bin/../lib/gcc/arm-none-eabi/10.3.1/../../../../arm-none-eabi/lib/thumb/v7e-m+fp/hard\libc_nano.a(lib_a-fwalk.o)
                0x000000000801351c                _fwalk_reent
 .text.__retarget_lock_init_recursive
                0x000000000801355a        0x2 d:/st/stm32cubeide_1.10.1/stm32cubeide/plugins/com.st.stm32cube.ide.mcu.externaltools.gnu-tools-for-stm32.10.3-2021.10.win32_1.0.0.202111181127/tools/bin/../lib/gcc/arm-none-eabi/10.3.1/../../../../arm-none-eabi/lib/thumb/v7e-m+fp/hard\libc_nano.a(lib_a-lock.o)
                0x000000000801355a                __retarget_lock_init_recursive
 .text.__retarget_lock_acquire_recursive
                0x000000000801355c        0x2 d:/st/stm32cubeide_1.10.1/stm32cubeide/plugins/com.st.stm32cube.ide.mcu.externaltools.gnu-tools-for-stm32.10.3-2021.10.win32_1.0.0.202111181127/tools/bin/../lib/gcc/arm-none-eabi/10.3.1/../../../../arm-none-eabi/lib/thumb/v7e-m+fp/hard\libc_nano.a(lib_a-lock.o)
                0x000000000801355c                __retarget_lock_acquire_recursive
 .text.__retarget_lock_release_recursive
                0x000000000801355e        0x2 d:/st/stm32cubeide_1.10.1/stm32cubeide/plugins/com.st.stm32cube.ide.mcu.externaltools.gnu-tools-for-stm32.10.3-2021.10.win32_1.0.0.202111181127/tools/bin/../lib/gcc/arm-none-eabi/10.3.1/../../../../arm-none-eabi/lib/thumb/v7e-m+fp/hard\libc_nano.a(lib_a-lock.o)
                0x000000000801355e                __retarget_lock_release_recursive
 .text.__swhatbuf_r
                0x0000000008013560       0x4a d:/st/stm32cubeide_1.10.1/stm32cubeide/plugins/com.st.stm32cube.ide.mcu.externaltools.gnu-tools-for-stm32.10.3-2021.10.win32_1.0.0.202111181127/tools/bin/../lib/gcc/arm-none-eabi/10.3.1/../../../../arm-none-eabi/lib/thumb/v7e-m+fp/hard\libc_nano.a(lib_a-makebuf.o)
                0x0000000008013560                __swhatbuf_r
 *fill*         0x00000000080135aa        0x2 
 .text.__smakebuf_r
                0x00000000080135ac       0x80 d:/st/stm32cubeide_1.10.1/stm32cubeide/plugins/com.st.stm32cube.ide.mcu.externaltools.gnu-tools-for-stm32.10.3-2021.10.win32_1.0.0.202111181127/tools/bin/../lib/gcc/arm-none-eabi/10.3.1/../../../../arm-none-eabi/lib/thumb/v7e-m+fp/hard\libc_nano.a(lib_a-makebuf.o)
                0x00000000080135ac                __smakebuf_r
 .text._raise_r
                0x000000000801362c       0x50 d:/st/stm32cubeide_1.10.1/stm32cubeide/plugins/com.st.stm32cube.ide.mcu.externaltools.gnu-tools-for-stm32.10.3-2021.10.win32_1.0.0.202111181127/tools/bin/../lib/gcc/arm-none-eabi/10.3.1/../../../../arm-none-eabi/lib/thumb/v7e-m+fp/hard\libc_nano.a(lib_a-signal.o)
                0x000000000801362c                _raise_r
 .text.raise    0x000000000801367c       0x10 d:/st/stm32cubeide_1.10.1/stm32cubeide/plugins/com.st.stm32cube.ide.mcu.externaltools.gnu-tools-for-stm32.10.3-2021.10.win32_1.0.0.202111181127/tools/bin/../lib/gcc/arm-none-eabi/10.3.1/../../../../arm-none-eabi/lib/thumb/v7e-m+fp/hard\libc_nano.a(lib_a-signal.o)
                0x000000000801367c                raise
 .text._kill_r  0x000000000801368c       0x24 d:/st/stm32cubeide_1.10.1/stm32cubeide/plugins/com.st.stm32cube.ide.mcu.externaltools.gnu-tools-for-stm32.10.3-2021.10.win32_1.0.0.202111181127/tools/bin/../lib/gcc/arm-none-eabi/10.3.1/../../../../arm-none-eabi/lib/thumb/v7e-m+fp/hard\libc_nano.a(lib_a-signalr.o)
                0x000000000801368c                _kill_r
 .text._getpid_r
                0x00000000080136b0        0x4 d:/st/stm32cubeide_1.10.1/stm32cubeide/plugins/com.st.stm32cube.ide.mcu.externaltools.gnu-tools-for-stm32.10.3-2021.10.win32_1.0.0.202111181127/tools/bin/../lib/gcc/arm-none-eabi/10.3.1/../../../../arm-none-eabi/lib/thumb/v7e-m+fp/hard\libc_nano.a(lib_a-signalr.o)
                0x00000000080136b0                _getpid_r
 .text.__sread  0x00000000080136b4       0x22 d:/st/stm32cubeide_1.10.1/stm32cubeide/plugins/com.st.stm32cube.ide.mcu.externaltools.gnu-tools-for-stm32.10.3-2021.10.win32_1.0.0.202111181127/tools/bin/../lib/gcc/arm-none-eabi/10.3.1/../../../../arm-none-eabi/lib/thumb/v7e-m+fp/hard\libc_nano.a(lib_a-stdio.o)
                0x00000000080136b4                __sread
 .text.__swrite
                0x00000000080136d6       0x38 d:/st/stm32cubeide_1.10.1/stm32cubeide/plugins/com.st.stm32cube.ide.mcu.externaltools.gnu-tools-for-stm32.10.3-2021.10.win32_1.0.0.202111181127/tools/bin/../lib/gcc/arm-none-eabi/10.3.1/../../../../arm-none-eabi/lib/thumb/v7e-m+fp/hard\libc_nano.a(lib_a-stdio.o)
                0x00000000080136d6                __swrite
 .text.__sseek  0x000000000801370e       0x24 d:/st/stm32cubeide_1.10.1/stm32cubeide/plugins/com.st.stm32cube.ide.mcu.externaltools.gnu-tools-for-stm32.10.3-2021.10.win32_1.0.0.202111181127/tools/bin/../lib/gcc/arm-none-eabi/10.3.1/../../../../arm-none-eabi/lib/thumb/v7e-m+fp/hard\libc_nano.a(lib_a-stdio.o)
                0x000000000801370e                __sseek
 .text.__sclose
                0x0000000008013732        0x8 d:/st/stm32cubeide_1.10.1/stm32cubeide/plugins/com.st.stm32cube.ide.mcu.externaltools.gnu-tools-for-stm32.10.3-2021.10.win32_1.0.0.202111181127/tools/bin/../lib/gcc/arm-none-eabi/10.3.1/../../../../arm-none-eabi/lib/thumb/v7e-m+fp/hard\libc_nano.a(lib_a-stdio.o)
                0x0000000008013732                __sclose
 *fill*         0x000000000801373a        0x2 
 .text._write_r
                0x000000000801373c       0x24 d:/st/stm32cubeide_1.10.1/stm32cubeide/plugins/com.st.stm32cube.ide.mcu.externaltools.gnu-tools-for-stm32.10.3-2021.10.win32_1.0.0.202111181127/tools/bin/../lib/gcc/arm-none-eabi/10.3.1/../../../../arm-none-eabi/lib/thumb/v7e-m+fp/hard\libc_nano.a(lib_a-writer.o)
                0x000000000801373c                _write_r
 .text._close_r
                0x0000000008013760       0x20 d:/st/stm32cubeide_1.10.1/stm32cubeide/plugins/com.st.stm32cube.ide.mcu.externaltools.gnu-tools-for-stm32.10.3-2021.10.win32_1.0.0.202111181127/tools/bin/../lib/gcc/arm-none-eabi/10.3.1/../../../../arm-none-eabi/lib/thumb/v7e-m+fp/hard\libc_nano.a(lib_a-closer.o)
                0x0000000008013760                _close_r
 .text._fstat_r
                0x0000000008013780       0x24 d:/st/stm32cubeide_1.10.1/stm32cubeide/plugins/com.st.stm32cube.ide.mcu.externaltools.gnu-tools-for-stm32.10.3-2021.10.win32_1.0.0.202111181127/tools/bin/../lib/gcc/arm-none-eabi/10.3.1/../../../../arm-none-eabi/lib/thumb/v7e-m+fp/hard\libc_nano.a(lib_a-fstatr.o)
                0x0000000008013780                _fstat_r
 .text._isatty_r
                0x00000000080137a4       0x20 d:/st/stm32cubeide_1.10.1/stm32cubeide/plugins/com.st.stm32cube.ide.mcu.externaltools.gnu-tools-for-stm32.10.3-2021.10.win32_1.0.0.202111181127/tools/bin/../lib/gcc/arm-none-eabi/10.3.1/../../../../arm-none-eabi/lib/thumb/v7e-m+fp/hard\libc_nano.a(lib_a-isattyr.o)
                0x00000000080137a4                _isatty_r
 .text._lseek_r
                0x00000000080137c4       0x24 d:/st/stm32cubeide_1.10.1/stm32cubeide/plugins/com.st.stm32cube.ide.mcu.externaltools.gnu-tools-for-stm32.10.3-2021.10.win32_1.0.0.202111181127/tools/bin/../lib/gcc/arm-none-eabi/10.3.1/../../../../arm-none-eabi/lib/thumb/v7e-m+fp/hard\libc_nano.a(lib_a-lseekr.o)
                0x00000000080137c4                _lseek_r
 .text._read_r  0x00000000080137e8       0x24 d:/st/stm32cubeide_1.10.1/stm32cubeide/plugins/com.st.stm32cube.ide.mcu.externaltools.gnu-tools-for-stm32.10.3-2021.10.win32_1.0.0.202111181127/tools/bin/../lib/gcc/arm-none-eabi/10.3.1/../../../../arm-none-eabi/lib/thumb/v7e-m+fp/hard\libc_nano.a(lib_a-readr.o)
                0x00000000080137e8                _read_r
 *fill*         0x000000000801380c        0x4 
 .text.cos      0x0000000008013810       0xa8 d:/st/stm32cubeide_1.10.1/stm32cubeide/plugins/com.st.stm32cube.ide.mcu.externaltools.gnu-tools-for-stm32.10.3-2021.10.win32_1.0.0.202111181127/tools/bin/../lib/gcc/arm-none-eabi/10.3.1/../../../../arm-none-eabi/lib/thumb/v7e-m+fp/hard\libm.a(lib_a-s_cos.o)
                0x0000000008013810                cos
 .text.round    0x00000000080138b8       0x8c d:/st/stm32cubeide_1.10.1/stm32cubeide/plugins/com.st.stm32cube.ide.mcu.externaltools.gnu-tools-for-stm32.10.3-2021.10.win32_1.0.0.202111181127/tools/bin/../lib/gcc/arm-none-eabi/10.3.1/../../../../arm-none-eabi/lib/thumb/v7e-m+fp/hard\libm.a(lib_a-s_round.o)
                0x00000000080138b8                round
 *fill*         0x0000000008013944        0x4 
 .text.sin      0x0000000008013948       0xb0 d:/st/stm32cubeide_1.10.1/stm32cubeide/plugins/com.st.stm32cube.ide.mcu.externaltools.gnu-tools-for-stm32.10.3-2021.10.win32_1.0.0.202111181127/tools/bin/../lib/gcc/arm-none-eabi/10.3.1/../../../../arm-none-eabi/lib/thumb/v7e-m+fp/hard\libm.a(lib_a-s_sin.o)
                0x0000000008013948                sin
 .text.cosf     0x00000000080139f8       0x88 d:/st/stm32cubeide_1.10.1/stm32cubeide/plugins/com.st.stm32cube.ide.mcu.externaltools.gnu-tools-for-stm32.10.3-2021.10.win32_1.0.0.202111181127/tools/bin/../lib/gcc/arm-none-eabi/10.3.1/../../../../arm-none-eabi/lib/thumb/v7e-m+fp/hard\libm.a(lib_a-sf_cos.o)
                0x00000000080139f8                cosf
 .text.sinf     0x0000000008013a80       0x8c d:/st/stm32cubeide_1.10.1/stm32cubeide/plugins/com.st.stm32cube.ide.mcu.externaltools.gnu-tools-for-stm32.10.3-2021.10.win32_1.0.0.202111181127/tools/bin/../lib/gcc/arm-none-eabi/10.3.1/../../../../arm-none-eabi/lib/thumb/v7e-m+fp/hard\libm.a(lib_a-sf_sin.o)
                0x0000000008013a80                sinf
 .text.asinf    0x0000000008013b0c       0x58 d:/st/stm32cubeide_1.10.1/stm32cubeide/plugins/com.st.stm32cube.ide.mcu.externaltools.gnu-tools-for-stm32.10.3-2021.10.win32_1.0.0.202111181127/tools/bin/../lib/gcc/arm-none-eabi/10.3.1/../../../../arm-none-eabi/lib/thumb/v7e-m+fp/hard\libm.a(lib_a-wf_asin.o)
                0x0000000008013b0c                asinf