../Core/Src/AHRSAlgorithms.c:69:14:invSqrt	0	static
../Core/Src/AHRSAlgorithms.c:82:6:MadgwickQuaternionUpdate	128	static
../Core/Src/AHRSAlgorithms.c:179:6:MadgwickQuaternionUpdate_not_mag	64	static
../Core/Src/AHRSAlgorithms.c:243:6:MahonyQuaternionUpdate	128	static
../Core/Src/AHRSAlgorithms.c:335:6:MahonyQuaternionUpdate_not_mag	56	static
../Core/Src/AHRSAlgorithms.c:402:6:MahonyAHRSupdateIMU	8	static
../Core/Src/AHRSAlgorithms.c:468:6:MahonyQuaternionUpdate_mag	56	static
../Core/Src/AHRSAlgorithms.c:579:15:getQ	0	static
