../Core/Src/main.c:275:6:Multishot_SetThrottle	24	static
../Core/Src/main.c:306:6:receive_and_parse_data	24	static
../Core/Src/main.c:344:6:check_connection_loss	16	static
../Core/Src/main.c:375:7:constrain_float	24	static
../Core/Src/main.c:390:5:constrain	24	static
../Core/Src/main.c:405:5:safe_pid_value	16	static
../Core/Src/main.c:416:7:round_to	16	static
../Core/Src/main.c:419:7:round_to_dec	16	static
../Core/Src/main.c:422:8:invert	16	static
../Core/Src/main.c:425:14:invSqrt	32	static
../Core/Src/main.c:434:6:get_angle_mahony	104	static
../Core/Src/main.c:511:6:normalizeQuaternion	24	static
../Core/Src/main.c:528:6:eulerToQuaternion	64	static
../Core/Src/main.c:554:6:quat_inverse	16	static
../Core/Src/main.c:562:6:quat_multiply	24	static
../Core/Src/main.c:569:6:quat_error	24	static
../Core/Src/main.c:580:6:get_filter_data_accel	8	static
../Core/Src/main.c:605:6:get_filter_data_gyro	8	static
../Core/Src/main.c:637:6:bias	16	static
../Core/Src/main.c:658:6:InitBMX055	16	static
../Core/Src/main.c:690:6:run_control_loop	80	static
../Core/Src/main.c:788:5:main	8	static
../Core/Src/main.c:899:6:SystemClock_Config	88	static
../Core/Src/main.c:943:6:HAL_TIM_PeriodElapsedCallback	16	static
../Core/Src/main.c:955:6:Error_Handler	4	static,ignoring_inline_asm
