../Core/Src/main.c:85:6:add_to_x	16	static
../Core/Src/main.c:90:6:add_to_y	16	static
../Core/Src/main.c:95:6:add_to_z	16	static
../Core/Src/main.c:104:6:update_coeff	16	static
../Core/Src/main.c:157:6:Motors_Set_Throttle	24	static
../Core/Src/main.c:177:6:Motors_DMA_Init	8	static
../Core/Src/main.c:205:7:constrain_float	24	static
../Core/Src/main.c:220:5:constrain	24	static
../Core/Src/main.c:235:5:safe_pid_value	16	static
../Core/Src/main.c:246:7:round_to	16	static
../Core/Src/main.c:249:7:round_to_dec	16	static
../Core/Src/main.c:252:8:invert	16	static
../Core/Src/main.c:255:14:invSqrt	32	static
../Core/Src/main.c:264:6:get_angle_mahony	104	static
../Core/Src/main.c:336:6:normalizeQuaternion	24	static
../Core/Src/main.c:353:6:eulerToQuaternion	64	static
../Core/Src/main.c:379:6:quat_inverse	16	static
../Core/Src/main.c:387:6:quat_multiply	24	static
../Core/Src/main.c:394:6:quat_error	24	static
../Core/Src/main.c:405:6:get_filter_data_accel	8	static
../Core/Src/main.c:463:6:get_filter_data_gyro	8	static
../Core/Src/main.c:511:6:get_mtf_data	40	static
../Core/Src/main.c:518:19:I2C_Start_Read_gyro	8	static
../Core/Src/main.c:523:19:I2C_Start_Read_accel	8	static
../Core/Src/main.c:531:6:bias	40	static
../Core/Src/main.c:560:6:InitBMX055	16	static
../Core/Src/main.c:593:6:run_control_loop	24	static
../Core/Src/main.c:837:5:main	8	static
../Core/Src/main.c:1134:6:SystemClock_Config	88	static
../Core/Src/main.c:1180:6:HAL_TIM_PeriodElapsedCallback	16	static
../Core/Src/main.c:1204:6:HAL_I2C_MemRxCpltCallback	16	static
../Core/Src/main.c:1224:6:HAL_I2C_ErrorCallback	16	static
../Core/Src/main.c:1252:6:Error_Handler	4	static,ignoring_inline_asm
