../Core/Src/test.c:542:6:ensure_opposite_signs	16	static
../Core/Src/test.c:560:6:add_to_x	16	static
../Core/Src/test.c:565:6:add_to_y	16	static
../Core/Src/test.c:570:6:add_to_z	16	static
../Core/Src/test.c:578:6:update_coeff	16	static
../Core/Src/test.c:633:6:Motors_Set_Throttle	24	static
../Core/Src/test.c:653:6:Motors_DMA_Init	8	static
../Core/Src/test.c:672:6:transmite	24	static
../Core/Src/test.c:728:6:receive_and_parse_data	24	static
../Core/Src/test.c:766:6:check_connection_loss	16	static
../Core/Src/test.c:782:7:expo_curve	16	static
../Core/Src/test.c:798:7:constrain_float	24	static
../Core/Src/test.c:813:5:constrain	24	static
../Core/Src/test.c:828:5:safe_pid_value	16	static
../Core/Src/test.c:839:7:round_to	16	static
../Core/Src/test.c:842:7:round_to_dec	16	static
../Core/Src/test.c:845:8:invert	16	static
../Core/Src/test.c:848:14:invSqrt	32	static
../Core/Src/test.c:857:6:get_angle_mahony	104	static
../Core/Src/test.c:929:6:normalizeQuaternion	24	static
../Core/Src/test.c:946:6:eulerToQuaternion	64	static
../Core/Src/test.c:972:6:quat_inverse	16	static
../Core/Src/test.c:980:6:quat_multiply	24	static
../Core/Src/test.c:987:6:quat_error	24	static
../Core/Src/test.c:998:6:get_filter_data_accel	8	static
../Core/Src/test.c:1058:6:get_filter_data_gyro	8	static
../Core/Src/test.c:1111:6:bias	40	static
../Core/Src/test.c:1140:6:InitBMX055	16	static
../Core/Src/test.c:1171:6:run_control_loop	16	static
../Core/Src/test.c:1390:5:main	24	static
../Core/Src/test.c:1596:6:SystemClock_Config	88	static
../Core/Src/test.c:1640:6:HAL_TIM_PeriodElapsedCallback	16	static
../Core/Src/test.c:1646:6:HAL_UART_RxCpltCallback	48	static
../Core/Src/test.c:1664:6:Error_Handler	4	static,ignoring_inline_asm
