../Core/Src/Backup2/main.c:419:7:median_filter	48	static
../Core/Src/Backup2/main.c:454:7:moving_average_filter	24	static
../Core/Src/Backup2/main.c:492:6:Multishot_SetThrottle	24	static
../Core/Src/Backup2/main.c:521:6:receive_and_parse_data	24	static
../Core/Src/Backup2/main.c:559:6:check_connection_loss	16	static
../Core/Src/Backup2/main.c:591:7:constrain_float	24	static
../Core/Src/Backup2/main.c:606:5:constrain	24	static
../Core/Src/Backup2/main.c:621:5:safe_pid_value	16	static
../Core/Src/Backup2/main.c:632:7:round_to	16	static
../Core/Src/Backup2/main.c:635:7:round_to_dec	16	static
../Core/Src/Backup2/main.c:638:8:invert	16	static
../Core/Src/Backup2/main.c:641:14:invSqrt	32	static
../Core/Src/Backup2/main.c:650:6:get_angle_mahony	104	static
../Core/Src/Backup2/main.c:727:6:normalizeQuaternion	24	static
../Core/Src/Backup2/main.c:744:6:eulerToQuaternion	64	static
../Core/Src/Backup2/main.c:770:6:quat_inverse	16	static
../Core/Src/Backup2/main.c:778:6:quat_multiply	24	static
../Core/Src/Backup2/main.c:785:6:quat_error	24	static
../Core/Src/Backup2/main.c:796:6:get_filter_data_accel	16	static
../Core/Src/Backup2/main.c:840:6:get_filter_data_gyro	16	static
../Core/Src/Backup2/main.c:896:6:bias	40	static
../Core/Src/Backup2/main.c:931:6:InitBMX055	16	static
../Core/Src/Backup2/main.c:963:6:run_control_loop	16	static
../Core/Src/Backup2/main.c:1115:5:main	24	static
../Core/Src/Backup2/main.c:1269:6:SystemClock_Config	88	static
../Core/Src/Backup2/main.c:1313:6:HAL_TIM_PeriodElapsedCallback	16	static
../Core/Src/Backup2/main.c:1325:6:Error_Handler	4	static,ignoring_inline_asm
